GAS LISTING C:\Users\hanna\AppData\Local\Temp\cc4cKGpA.s 			page 1


   1              		.file	"close.c"
   2              		.option nopic
   3              		.attribute arch, "rv32i2p0_m2p0_a2p0_c2p0"
   4              		.attribute unaligned_access, 0
   5              		.attribute stack_align, 16
   6              		.text
   7              	.Ltext0:
   8              		.cfi_sections	.debug_frame
   9              		.section	.text._close,"ax",@progbits
  10              		.align	1
  11              		.globl	_close
  13              	_close:
  14              	.LFB1:
  15              		.file 1 "./../../firmware/RISCV/stubs/close.c"
   1:./../../firmware/RISCV/stubs/close.c **** /* See LICENSE of license details. */
   2:./../../firmware/RISCV/stubs/close.c **** 
   3:./../../firmware/RISCV/stubs/close.c **** #include <errno.h>
   4:./../../firmware/RISCV/stubs/close.c **** #include "stub.h"
   5:./../../firmware/RISCV/stubs/close.c **** 
   6:./../../firmware/RISCV/stubs/close.c **** int _close(int fd)
   7:./../../firmware/RISCV/stubs/close.c **** {
  16              		.loc 1 7 1
  17              		.cfi_startproc
  18              	.LVL0:
   8:./../../firmware/RISCV/stubs/close.c ****   return _stub(EBADF);
  19              		.loc 1 8 3
  20              		.file 2 "./../../firmware/RISCV/stubs/stub.h"
   1:./../../firmware/RISCV/stubs/stub.h **** /* See LICENSE of license details. */
   2:./../../firmware/RISCV/stubs/stub.h **** #ifndef _NUCLEI_SYS_STUB_H
   3:./../../firmware/RISCV/stubs/stub.h **** #define _NUCLEI_SYS_STUB_H
   4:./../../firmware/RISCV/stubs/stub.h **** 
   5:./../../firmware/RISCV/stubs/stub.h **** #include <stdint.h>
   6:./../../firmware/RISCV/stubs/stub.h **** #if   defined (__GNUC__)
   7:./../../firmware/RISCV/stubs/stub.h **** #include <unistd.h>
   8:./../../firmware/RISCV/stubs/stub.h **** #endif
   9:./../../firmware/RISCV/stubs/stub.h **** 
  10:./../../firmware/RISCV/stubs/stub.h **** void write_hex(int fd, unsigned long int hex);
  11:./../../firmware/RISCV/stubs/stub.h **** 
  12:./../../firmware/RISCV/stubs/stub.h **** static inline int _stub(int err)
  13:./../../firmware/RISCV/stubs/stub.h **** {
  14:./../../firmware/RISCV/stubs/stub.h ****   return -1;
  21              		.loc 2 14 3
   9:./../../firmware/RISCV/stubs/close.c **** }
  22              		.loc 1 9 1 is_stmt 0
  23 0000 7D55     		li	a0,-1
  24              	.LVL1:
  25 0002 8280     		ret
  26              		.cfi_endproc
  27              	.LFE1:
  29              		.text
  30              	.Letext0:
  31              		.file 3 "c:\\users\\hanna\\desktop\\kth\\he1041\\toolchain-gd32v-v202-win\\toolchain-gd32v-v202-wi
  32              		.file 4 "c:\\users\\hanna\\desktop\\kth\\he1041\\toolchain-gd32v-v202-win\\toolchain-gd32v-v202-wi
  33              		.file 5 "c:\\users\\hanna\\desktop\\kth\\he1041\\toolchain-gd32v-v202-win\\toolchain-gd32v-v202-wi
  34              		.file 6 "c:\\users\\hanna\\desktop\\kth\\he1041\\toolchain-gd32v-v202-win\\toolchain-gd32v-v202-wi
  35              		.file 7 "c:\\users\\hanna\\desktop\\kth\\he1041\\toolchain-gd32v-v202-win\\toolchain-gd32v-v202-wi
  36              		.file 8 "c:\\users\\hanna\\desktop\\kth\\he1041\\toolchain-gd32v-v202-win\\toolchain-gd32v-v202-wi
GAS LISTING C:\Users\hanna\AppData\Local\Temp\cc4cKGpA.s 			page 2


GAS LISTING C:\Users\hanna\AppData\Local\Temp\cc4cKGpA.s 			page 3


DEFINED SYMBOLS
                            *ABS*:0000000000000000 close.c
C:\Users\hanna\AppData\Local\Temp\cc4cKGpA.s:13     .text._close:0000000000000000 _close
C:\Users\hanna\AppData\Local\Temp\cc4cKGpA.s:17     .text._close:0000000000000000 .L0 
C:\Users\hanna\AppData\Local\Temp\cc4cKGpA.s:19     .text._close:0000000000000000 .L0 
C:\Users\hanna\AppData\Local\Temp\cc4cKGpA.s:21     .text._close:0000000000000000 .L0 
C:\Users\hanna\AppData\Local\Temp\cc4cKGpA.s:22     .text._close:0000000000000000 .L0 
C:\Users\hanna\AppData\Local\Temp\cc4cKGpA.s:23     .text._close:0000000000000000 .L0 
C:\Users\hanna\AppData\Local\Temp\cc4cKGpA.s:26     .text._close:0000000000000004 .L0 
C:\Users\hanna\AppData\Local\Temp\cc4cKGpA.s:29     .text._close:0000000000000004 .L0 
                     .debug_frame:0000000000000000 .L0 
C:\Users\hanna\AppData\Local\Temp\cc4cKGpA.s:1540   .debug_abbrev:0000000000000000 .Ldebug_abbrev0
C:\Users\hanna\AppData\Local\Temp\cc4cKGpA.s:2288   .debug_str:0000000000000488 .LASF128
C:\Users\hanna\AppData\Local\Temp\cc4cKGpA.s:2092   .debug_str:000000000000008b .LASF129
C:\Users\hanna\AppData\Local\Temp\cc4cKGpA.s:2278   .debug_str:00000000000003ff .LASF130
C:\Users\hanna\AppData\Local\Temp\cc4cKGpA.s:2060   .debug_ranges:0000000000000000 .Ldebug_ranges0
C:\Users\hanna\AppData\Local\Temp\cc4cKGpA.s:2066   .debug_line:0000000000000000 .Ldebug_line0
C:\Users\hanna\AppData\Local\Temp\cc4cKGpA.s:2156   .debug_str:00000000000001ce .LASF0
C:\Users\hanna\AppData\Local\Temp\cc4cKGpA.s:2170   .debug_str:0000000000000211 .LASF1
C:\Users\hanna\AppData\Local\Temp\cc4cKGpA.s:2098   .debug_str:00000000000000c7 .LASF2
C:\Users\hanna\AppData\Local\Temp\cc4cKGpA.s:2200   .debug_str:000000000000029b .LASF3
C:\Users\hanna\AppData\Local\Temp\cc4cKGpA.s:2184   .debug_str:000000000000025c .LASF10
C:\Users\hanna\AppData\Local\Temp\cc4cKGpA.s:2100   .debug_str:00000000000000d5 .LASF4
C:\Users\hanna\AppData\Local\Temp\cc4cKGpA.s:2218   .debug_str:00000000000002f4 .LASF5
C:\Users\hanna\AppData\Local\Temp\cc4cKGpA.s:2224   .debug_str:0000000000000310 .LASF6
C:\Users\hanna\AppData\Local\Temp\cc4cKGpA.s:2116   .debug_str:000000000000011a .LASF7
C:\Users\hanna\AppData\Local\Temp\cc4cKGpA.s:2164   .debug_str:00000000000001f2 .LASF8
C:\Users\hanna\AppData\Local\Temp\cc4cKGpA.s:2082   .debug_str:000000000000004b .LASF9
C:\Users\hanna\AppData\Local\Temp\cc4cKGpA.s:2212   .debug_str:00000000000002d1 .LASF11
C:\Users\hanna\AppData\Local\Temp\cc4cKGpA.s:2270   .debug_str:00000000000003e2 .LASF12
C:\Users\hanna\AppData\Local\Temp\cc4cKGpA.s:2308   .debug_str:0000000000000568 .LASF13
C:\Users\hanna\AppData\Local\Temp\cc4cKGpA.s:2180   .debug_str:000000000000024e .LASF14
C:\Users\hanna\AppData\Local\Temp\cc4cKGpA.s:2158   .debug_str:00000000000001db .LASF15
C:\Users\hanna\AppData\Local\Temp\cc4cKGpA.s:2262   .debug_str:00000000000003c0 .LASF16
C:\Users\hanna\AppData\Local\Temp\cc4cKGpA.s:2264   .debug_str:00000000000003c8 .LASF17
C:\Users\hanna\AppData\Local\Temp\cc4cKGpA.s:2234   .debug_str:0000000000000338 .LASF18
C:\Users\hanna\AppData\Local\Temp\cc4cKGpA.s:2294   .debug_str:000000000000051e .LASF19
C:\Users\hanna\AppData\Local\Temp\cc4cKGpA.s:2216   .debug_str:00000000000002e2 .LASF20
C:\Users\hanna\AppData\Local\Temp\cc4cKGpA.s:2142   .debug_str:0000000000000191 .LASF21
C:\Users\hanna\AppData\Local\Temp\cc4cKGpA.s:2146   .debug_str:00000000000001a2 .LASF26
C:\Users\hanna\AppData\Local\Temp\cc4cKGpA.s:2284   .debug_str:0000000000000475 .LASF22
C:\Users\hanna\AppData\Local\Temp\cc4cKGpA.s:2256   .debug_str:00000000000003ab .LASF23
C:\Users\hanna\AppData\Local\Temp\cc4cKGpA.s:2140   .debug_str:000000000000018b .LASF24
C:\Users\hanna\AppData\Local\Temp\cc4cKGpA.s:2302   .debug_str:0000000000000553 .LASF25
C:\Users\hanna\AppData\Local\Temp\cc4cKGpA.s:2154   .debug_str:00000000000001c9 .LASF27
C:\Users\hanna\AppData\Local\Temp\cc4cKGpA.s:2096   .debug_str:00000000000000be .LASF28
C:\Users\hanna\AppData\Local\Temp\cc4cKGpA.s:2276   .debug_str:00000000000003f6 .LASF29
C:\Users\hanna\AppData\Local\Temp\cc4cKGpA.s:2106   .debug_str:00000000000000ed .LASF30
C:\Users\hanna\AppData\Local\Temp\cc4cKGpA.s:2332   .debug_str:00000000000005d3 .LASF31
C:\Users\hanna\AppData\Local\Temp\cc4cKGpA.s:2206   .debug_str:00000000000002b5 .LASF32
C:\Users\hanna\AppData\Local\Temp\cc4cKGpA.s:2194   .debug_str:0000000000000281 .LASF33
C:\Users\hanna\AppData\Local\Temp\cc4cKGpA.s:2304   .debug_str:0000000000000558 .LASF34
C:\Users\hanna\AppData\Local\Temp\cc4cKGpA.s:2226   .debug_str:000000000000031a .LASF35
C:\Users\hanna\AppData\Local\Temp\cc4cKGpA.s:2318   .debug_str:0000000000000593 .LASF36
C:\Users\hanna\AppData\Local\Temp\cc4cKGpA.s:2110   .debug_str:00000000000000fc .LASF37
C:\Users\hanna\AppData\Local\Temp\cc4cKGpA.s:2136   .debug_str:000000000000017e .LASF38
C:\Users\hanna\AppData\Local\Temp\cc4cKGpA.s:2068   .debug_str:0000000000000000 .LASF39
GAS LISTING C:\Users\hanna\AppData\Local\Temp\cc4cKGpA.s 			page 4


C:\Users\hanna\AppData\Local\Temp\cc4cKGpA.s:2290   .debug_str:0000000000000510 .LASF40
C:\Users\hanna\AppData\Local\Temp\cc4cKGpA.s:2120   .debug_str:000000000000012a .LASF41
C:\Users\hanna\AppData\Local\Temp\cc4cKGpA.s:2208   .debug_str:00000000000002be .LASF42
C:\Users\hanna\AppData\Local\Temp\cc4cKGpA.s:2248   .debug_str:000000000000037b .LASF43
C:\Users\hanna\AppData\Local\Temp\cc4cKGpA.s:2138   .debug_str:0000000000000186 .LASF44
C:\Users\hanna\AppData\Local\Temp\cc4cKGpA.s:2228   .debug_str:0000000000000324 .LASF45
C:\Users\hanna\AppData\Local\Temp\cc4cKGpA.s:2104   .debug_str:00000000000000e7 .LASF46
C:\Users\hanna\AppData\Local\Temp\cc4cKGpA.s:2070   .debug_str:000000000000000c .LASF47
C:\Users\hanna\AppData\Local\Temp\cc4cKGpA.s:2236   .debug_str:0000000000000343 .LASF48
C:\Users\hanna\AppData\Local\Temp\cc4cKGpA.s:2118   .debug_str:0000000000000123 .LASF49
C:\Users\hanna\AppData\Local\Temp\cc4cKGpA.s:2166   .debug_str:0000000000000204 .LASF50
C:\Users\hanna\AppData\Local\Temp\cc4cKGpA.s:2084   .debug_str:0000000000000062 .LASF51
C:\Users\hanna\AppData\Local\Temp\cc4cKGpA.s:2112   .debug_str:000000000000010a .LASF52
C:\Users\hanna\AppData\Local\Temp\cc4cKGpA.s:2150   .debug_str:00000000000001b9 .LASF53
C:\Users\hanna\AppData\Local\Temp\cc4cKGpA.s:2192   .debug_str:000000000000027a .LASF54
C:\Users\hanna\AppData\Local\Temp\cc4cKGpA.s:2266   .debug_str:00000000000003d0 .LASF55
C:\Users\hanna\AppData\Local\Temp\cc4cKGpA.s:2322   .debug_str:00000000000005ad .LASF56
C:\Users\hanna\AppData\Local\Temp\cc4cKGpA.s:2102   .debug_str:00000000000000e1 .LASF57
C:\Users\hanna\AppData\Local\Temp\cc4cKGpA.s:2314   .debug_str:0000000000000585 .LASF58
C:\Users\hanna\AppData\Local\Temp\cc4cKGpA.s:2124   .debug_str:0000000000000139 .LASF59
C:\Users\hanna\AppData\Local\Temp\cc4cKGpA.s:2130   .debug_str:0000000000000157 .LASF60
C:\Users\hanna\AppData\Local\Temp\cc4cKGpA.s:2076   .debug_str:0000000000000025 .LASF61
C:\Users\hanna\AppData\Local\Temp\cc4cKGpA.s:2186   .debug_str:0000000000000263 .LASF62
C:\Users\hanna\AppData\Local\Temp\cc4cKGpA.s:2240   .debug_str:0000000000000355 .LASF63
C:\Users\hanna\AppData\Local\Temp\cc4cKGpA.s:2188   .debug_str:0000000000000269 .LASF64
C:\Users\hanna\AppData\Local\Temp\cc4cKGpA.s:2258   .debug_str:00000000000003b3 .LASF65
C:\Users\hanna\AppData\Local\Temp\cc4cKGpA.s:2272   .debug_str:00000000000003ea .LASF66
C:\Users\hanna\AppData\Local\Temp\cc4cKGpA.s:2122   .debug_str:0000000000000132 .LASF67
C:\Users\hanna\AppData\Local\Temp\cc4cKGpA.s:2160   .debug_str:00000000000001e2 .LASF68
C:\Users\hanna\AppData\Local\Temp\cc4cKGpA.s:2144   .debug_str:000000000000019a .LASF69
C:\Users\hanna\AppData\Local\Temp\cc4cKGpA.s:2246   .debug_str:0000000000000376 .LASF70
C:\Users\hanna\AppData\Local\Temp\cc4cKGpA.s:2074   .debug_str:000000000000001a .LASF71
C:\Users\hanna\AppData\Local\Temp\cc4cKGpA.s:2254   .debug_str:0000000000000392 .LASF72
C:\Users\hanna\AppData\Local\Temp\cc4cKGpA.s:2250   .debug_str:0000000000000380 .LASF73
C:\Users\hanna\AppData\Local\Temp\cc4cKGpA.s:2210   .debug_str:00000000000002c6 .LASF74
C:\Users\hanna\AppData\Local\Temp\cc4cKGpA.s:2252   .debug_str:0000000000000388 .LASF75
C:\Users\hanna\AppData\Local\Temp\cc4cKGpA.s:2178   .debug_str:0000000000000246 .LASF76
C:\Users\hanna\AppData\Local\Temp\cc4cKGpA.s:2152   .debug_str:00000000000001bf .LASF77
C:\Users\hanna\AppData\Local\Temp\cc4cKGpA.s:2330   .debug_str:00000000000005ce .LASF78
C:\Users\hanna\AppData\Local\Temp\cc4cKGpA.s:2214   .debug_str:00000000000002d8 .LASF79
C:\Users\hanna\AppData\Local\Temp\cc4cKGpA.s:2162   .debug_str:00000000000001ea .LASF80
C:\Users\hanna\AppData\Local\Temp\cc4cKGpA.s:2128   .debug_str:000000000000014f .LASF81
C:\Users\hanna\AppData\Local\Temp\cc4cKGpA.s:2220   .debug_str:0000000000000302 .LASF82
C:\Users\hanna\AppData\Local\Temp\cc4cKGpA.s:2172   .debug_str:0000000000000224 .LASF83
C:\Users\hanna\AppData\Local\Temp\cc4cKGpA.s:2312   .debug_str:000000000000057b .LASF84
C:\Users\hanna\AppData\Local\Temp\cc4cKGpA.s:2114   .debug_str:0000000000000112 .LASF85
C:\Users\hanna\AppData\Local\Temp\cc4cKGpA.s:2108   .debug_str:00000000000000f7 .LASF86
C:\Users\hanna\AppData\Local\Temp\cc4cKGpA.s:2274   .debug_str:00000000000003f1 .LASF87
C:\Users\hanna\AppData\Local\Temp\cc4cKGpA.s:2232   .debug_str:0000000000000331 .LASF88
C:\Users\hanna\AppData\Local\Temp\cc4cKGpA.s:2306   .debug_str:0000000000000562 .LASF89
C:\Users\hanna\AppData\Local\Temp\cc4cKGpA.s:2168   .debug_str:000000000000020a .LASF90
C:\Users\hanna\AppData\Local\Temp\cc4cKGpA.s:2230   .debug_str:000000000000032b .LASF91
C:\Users\hanna\AppData\Local\Temp\cc4cKGpA.s:2072   .debug_str:0000000000000012 .LASF92
C:\Users\hanna\AppData\Local\Temp\cc4cKGpA.s:2260   .debug_str:00000000000003ba .LASF93
C:\Users\hanna\AppData\Local\Temp\cc4cKGpA.s:2282   .debug_str:000000000000046f .LASF94
C:\Users\hanna\AppData\Local\Temp\cc4cKGpA.s:2292   .debug_str:0000000000000519 .LASF95
C:\Users\hanna\AppData\Local\Temp\cc4cKGpA.s:2300   .debug_str:0000000000000546 .LASF96
GAS LISTING C:\Users\hanna\AppData\Local\Temp\cc4cKGpA.s 			page 5


C:\Users\hanna\AppData\Local\Temp\cc4cKGpA.s:2286   .debug_str:000000000000047b .LASF97
C:\Users\hanna\AppData\Local\Temp\cc4cKGpA.s:2176   .debug_str:0000000000000239 .LASF98
C:\Users\hanna\AppData\Local\Temp\cc4cKGpA.s:2320   .debug_str:000000000000059e .LASF99
C:\Users\hanna\AppData\Local\Temp\cc4cKGpA.s:2148   .debug_str:00000000000001aa .LASF100
C:\Users\hanna\AppData\Local\Temp\cc4cKGpA.s:2242   .debug_str:000000000000035e .LASF101
C:\Users\hanna\AppData\Local\Temp\cc4cKGpA.s:2324   .debug_str:00000000000005b4 .LASF102
C:\Users\hanna\AppData\Local\Temp\cc4cKGpA.s:2244   .debug_str:0000000000000369 .LASF103
C:\Users\hanna\AppData\Local\Temp\cc4cKGpA.s:2328   .debug_str:00000000000005c0 .LASF104
C:\Users\hanna\AppData\Local\Temp\cc4cKGpA.s:2094   .debug_str:00000000000000b0 .LASF105
C:\Users\hanna\AppData\Local\Temp\cc4cKGpA.s:2310   .debug_str:0000000000000571 .LASF106
C:\Users\hanna\AppData\Local\Temp\cc4cKGpA.s:2174   .debug_str:000000000000022d .LASF107
C:\Users\hanna\AppData\Local\Temp\cc4cKGpA.s:2296   .debug_str:0000000000000526 .LASF108
C:\Users\hanna\AppData\Local\Temp\cc4cKGpA.s:2134   .debug_str:0000000000000170 .LASF109
C:\Users\hanna\AppData\Local\Temp\cc4cKGpA.s:2090   .debug_str:000000000000007c .LASF110
C:\Users\hanna\AppData\Local\Temp\cc4cKGpA.s:2132   .debug_str:000000000000015f .LASF111
C:\Users\hanna\AppData\Local\Temp\cc4cKGpA.s:2078   .debug_str:000000000000002b .LASF112
C:\Users\hanna\AppData\Local\Temp\cc4cKGpA.s:2080   .debug_str:000000000000003a .LASF113
C:\Users\hanna\AppData\Local\Temp\cc4cKGpA.s:2222   .debug_str:0000000000000307 .LASF114
C:\Users\hanna\AppData\Local\Temp\cc4cKGpA.s:2204   .debug_str:00000000000002ae .LASF115
C:\Users\hanna\AppData\Local\Temp\cc4cKGpA.s:2196   .debug_str:000000000000028b .LASF116
C:\Users\hanna\AppData\Local\Temp\cc4cKGpA.s:2316   .debug_str:000000000000058b .LASF117
C:\Users\hanna\AppData\Local\Temp\cc4cKGpA.s:2086   .debug_str:000000000000006b .LASF131
C:\Users\hanna\AppData\Local\Temp\cc4cKGpA.s:2268   .debug_str:00000000000003d6 .LASF118
C:\Users\hanna\AppData\Local\Temp\cc4cKGpA.s:2298   .debug_str:0000000000000533 .LASF119
C:\Users\hanna\AppData\Local\Temp\cc4cKGpA.s:2126   .debug_str:0000000000000142 .LASF120
C:\Users\hanna\AppData\Local\Temp\cc4cKGpA.s:2238   .debug_str:000000000000034b .LASF121
C:\Users\hanna\AppData\Local\Temp\cc4cKGpA.s:2182   .debug_str:0000000000000254 .LASF122
C:\Users\hanna\AppData\Local\Temp\cc4cKGpA.s:2198   .debug_str:0000000000000294 .LASF123
C:\Users\hanna\AppData\Local\Temp\cc4cKGpA.s:2202   .debug_str:00000000000002a7 .LASF124
C:\Users\hanna\AppData\Local\Temp\cc4cKGpA.s:2280   .debug_str:0000000000000468 .LASF125
C:\Users\hanna\AppData\Local\Temp\cc4cKGpA.s:2326   .debug_str:00000000000005b9 .LASF126
C:\Users\hanna\AppData\Local\Temp\cc4cKGpA.s:2190   .debug_str:0000000000000271 .LASF127
C:\Users\hanna\AppData\Local\Temp\cc4cKGpA.s:14     .text._close:0000000000000000 .LFB1
C:\Users\hanna\AppData\Local\Temp\cc4cKGpA.s:27     .text._close:0000000000000004 .LFE1
C:\Users\hanna\AppData\Local\Temp\cc4cKGpA.s:2033   .debug_loc:0000000000000000 .LLST0
C:\Users\hanna\AppData\Local\Temp\cc4cKGpA.s:2088   .debug_str:0000000000000076 .LASF132
C:\Users\hanna\AppData\Local\Temp\cc4cKGpA.s:18     .text._close:0000000000000000 .LVL0
C:\Users\hanna\AppData\Local\Temp\cc4cKGpA.s:24     .text._close:0000000000000002 .LVL1
C:\Users\hanna\AppData\Local\Temp\cc4cKGpA.s:38     .debug_info:0000000000000000 .Ldebug_info0

NO UNDEFINED SYMBOLS
