Archive member included to satisfy reference by file (symbol)

c:/users/hanna/desktop/kth/he1041/toolchain-gd32v-v202-win/toolchain-gd32v-v202-win/compiler/bin/../lib/gcc/riscv64-unknown-elf/8.3.0/rv32imac/ilp32\libgcc.a(divdf3.o)
                              build/lcd.o (__divdf3)
c:/users/hanna/desktop/kth/he1041/toolchain-gd32v-v202-win/toolchain-gd32v-v202-win/compiler/bin/../lib/gcc/riscv64-unknown-elf/8.3.0/rv32imac/ilp32\libgcc.a(ledf2.o)
                              build/lcd.o (__ltdf2)
c:/users/hanna/desktop/kth/he1041/toolchain-gd32v-v202-win/toolchain-gd32v-v202-win/compiler/bin/../lib/gcc/riscv64-unknown-elf/8.3.0/rv32imac/ilp32\libgcc.a(muldf3.o)
                              build/lcd.o (__muldf3)
c:/users/hanna/desktop/kth/he1041/toolchain-gd32v-v202-win/toolchain-gd32v-v202-win/compiler/bin/../lib/gcc/riscv64-unknown-elf/8.3.0/rv32imac/ilp32\libgcc.a(fixunsdfsi.o)
                              build/pwm.o (__fixunsdfsi)
c:/users/hanna/desktop/kth/he1041/toolchain-gd32v-v202-win/toolchain-gd32v-v202-win/compiler/bin/../lib/gcc/riscv64-unknown-elf/8.3.0/rv32imac/ilp32\libgcc.a(floatsidf.o)
                              build/pwm.o (__floatsidf)
c:/users/hanna/desktop/kth/he1041/toolchain-gd32v-v202-win/toolchain-gd32v-v202-win/compiler/bin/../lib/gcc/riscv64-unknown-elf/8.3.0/rv32imac/ilp32\libgcc.a(floatunsidf.o)
                              build/lcd.o (__floatunsidf)
c:/users/hanna/desktop/kth/he1041/toolchain-gd32v-v202-win/toolchain-gd32v-v202-win/compiler/bin/../lib/gcc/riscv64-unknown-elf/8.3.0/rv32imac/ilp32\libgcc.a(floatundidf.o)
                              build/lcd.o (__floatundidf)
c:/users/hanna/desktop/kth/he1041/toolchain-gd32v-v202-win/toolchain-gd32v-v202-win/compiler/bin/../lib/gcc/riscv64-unknown-elf/8.3.0/rv32imac/ilp32\libgcc.a(mulsf3.o)
                              build/lcd.o (__mulsf3)
c:/users/hanna/desktop/kth/he1041/toolchain-gd32v-v202-win/toolchain-gd32v-v202-win/compiler/bin/../lib/gcc/riscv64-unknown-elf/8.3.0/rv32imac/ilp32\libgcc.a(fixunssfsi.o)
                              build/lcd.o (__fixunssfsi)
c:/users/hanna/desktop/kth/he1041/toolchain-gd32v-v202-win/toolchain-gd32v-v202-win/compiler/bin/../lib/gcc/riscv64-unknown-elf/8.3.0/rv32imac/ilp32\libgcc.a(_lshrdi3.o)
                              c:/users/hanna/desktop/kth/he1041/toolchain-gd32v-v202-win/toolchain-gd32v-v202-win/compiler/bin/../lib/gcc/riscv64-unknown-elf/8.3.0/rv32imac/ilp32\libgcc.a(floatundidf.o) (__lshrdi3)
c:/users/hanna/desktop/kth/he1041/toolchain-gd32v-v202-win/toolchain-gd32v-v202-win/compiler/bin/../lib/gcc/riscv64-unknown-elf/8.3.0/rv32imac/ilp32\libgcc.a(_ashldi3.o)
                              c:/users/hanna/desktop/kth/he1041/toolchain-gd32v-v202-win/toolchain-gd32v-v202-win/compiler/bin/../lib/gcc/riscv64-unknown-elf/8.3.0/rv32imac/ilp32\libgcc.a(floatundidf.o) (__ashldi3)
c:/users/hanna/desktop/kth/he1041/toolchain-gd32v-v202-win/toolchain-gd32v-v202-win/compiler/bin/../lib/gcc/riscv64-unknown-elf/8.3.0/rv32imac/ilp32\libgcc.a(_clzsi2.o)
                              c:/users/hanna/desktop/kth/he1041/toolchain-gd32v-v202-win/toolchain-gd32v-v202-win/compiler/bin/../lib/gcc/riscv64-unknown-elf/8.3.0/rv32imac/ilp32\libgcc.a(divdf3.o) (__clzsi2)
c:/users/hanna/desktop/kth/he1041/toolchain-gd32v-v202-win/toolchain-gd32v-v202-win/compiler/bin/../lib/gcc/riscv64-unknown-elf/8.3.0/rv32imac/ilp32\libgcc.a(_clz.o)
                              c:/users/hanna/desktop/kth/he1041/toolchain-gd32v-v202-win/toolchain-gd32v-v202-win/compiler/bin/../lib/gcc/riscv64-unknown-elf/8.3.0/rv32imac/ilp32\libgcc.a(_clzsi2.o) (__clz_tab)
c:/users/hanna/desktop/kth/he1041/toolchain-gd32v-v202-win/toolchain-gd32v-v202-win/compiler/bin/../lib/gcc/riscv64-unknown-elf/8.3.0/../../../../riscv64-unknown-elf/lib/rv32imac/ilp32\libc_nano.a(lib_a-atexit.o)
                              build/start.o (atexit)
c:/users/hanna/desktop/kth/he1041/toolchain-gd32v-v202-win/toolchain-gd32v-v202-win/compiler/bin/../lib/gcc/riscv64-unknown-elf/8.3.0/../../../../riscv64-unknown-elf/lib/rv32imac/ilp32\libc_nano.a(lib_a-exit.o)
                              build/start.o (exit)
c:/users/hanna/desktop/kth/he1041/toolchain-gd32v-v202-win/toolchain-gd32v-v202-win/compiler/bin/../lib/gcc/riscv64-unknown-elf/8.3.0/../../../../riscv64-unknown-elf/lib/rv32imac/ilp32\libc_nano.a(lib_a-fini.o)
                              build/start.o (__libc_fini_array)
c:/users/hanna/desktop/kth/he1041/toolchain-gd32v-v202-win/toolchain-gd32v-v202-win/compiler/bin/../lib/gcc/riscv64-unknown-elf/8.3.0/../../../../riscv64-unknown-elf/lib/rv32imac/ilp32\libc_nano.a(lib_a-impure.o)
                              c:/users/hanna/desktop/kth/he1041/toolchain-gd32v-v202-win/toolchain-gd32v-v202-win/compiler/bin/../lib/gcc/riscv64-unknown-elf/8.3.0/../../../../riscv64-unknown-elf/lib/rv32imac/ilp32\libc_nano.a(lib_a-exit.o) (_global_impure_ptr)
[...]
Memory Configuration

Name             Origin             Length             Attributes
flash            0x0000000008000000 0x0000000000020000 axrl !w
ram              0x0000000020000000 0x0000000000008000 axw !rl
*default*        0x0000000000000000 0xffffffffffffffff

Linker script and memory map

LOAD build/gd32vf103_adc.o
LOAD build/gd32vf103_bkp.o
LOAD build/gd32vf103_can.o
LOAD build/gd32vf103_crc.o
LOAD build/gd32vf103_dac.o
LOAD build/gd32vf103_dbg.o
LOAD build/gd32vf103_dma.o
LOAD build/gd32vf103_eclic.o
LOAD build/gd32vf103_exmc.o
LOAD build/gd32vf103_exti.o
LOAD build/gd32vf103_fmc.o
LOAD build/gd32vf103_fwdgt.o
LOAD build/gd32vf103_gpio.o
LOAD build/gd32vf103_i2c.o
LOAD build/gd32vf103_pmu.o
LOAD build/gd32vf103_rcu.o
LOAD build/gd32vf103_rtc.o
LOAD build/gd32vf103_spi.o
LOAD build/gd32vf103_timer.o
LOAD build/gd32vf103_usart.o
LOAD build/gd32vf103_wwdgt.o
LOAD build/system_gd32vf103.o
LOAD build/_exit.o
LOAD build/close.o
LOAD build/fstat.o
LOAD build/isatty.o
LOAD build/lseek.o
LOAD build/read.o
LOAD build/sbrk.o
LOAD build/write.o
LOAD build/write_hex.o
LOAD build/n200_func.o
LOAD build/handlers.o
LOAD build/init.o
LOAD build/ds18b20.o
LOAD build/eclicw.o
LOAD build/lcd.o
LOAD build/main.o
LOAD build/pwm.o
LOAD build/usart.o
LOAD build/start.o
LOAD build/entry.o
LOAD build/drivers.o
LOAD build/switch1.o
LOAD c:/users/hanna/desktop/kth/he1041/toolchain-gd32v-v202-win/toolchain-gd32v-v202-win/compiler/bin/../lib/gcc/riscv64-unknown-elf/8.3.0/rv32imac/ilp32\libgcc.a
LOAD c:/users/hanna/desktop/kth/he1041/toolchain-gd32v-v202-win/toolchain-gd32v-v202-win/compiler/bin/../lib/gcc/riscv64-unknown-elf/8.3.0/../../../../riscv64-unknown-elf/lib/rv32imac/ilp32\libc_nano.a
LOAD c:/users/hanna/desktop/kth/he1041/toolchain-gd32v-v202-win/toolchain-gd32v-v202-win/compiler/bin/../lib/gcc/riscv64-unknown-elf/8.3.0/rv32imac/ilp32\libgcc.a
START GROUP
LOAD c:/users/hanna/desktop/kth/he1041/toolchain-gd32v-v202-win/toolchain-gd32v-v202-win/compiler/bin/../lib/gcc/riscv64-unknown-elf/8.3.0/rv32imac/ilp32\libgcc.a
LOAD c:/users/hanna/desktop/kth/he1041/toolchain-gd32v-v202-win/toolchain-gd32v-v202-win/compiler/bin/../lib/gcc/riscv64-unknown-elf/8.3.0/../../../../riscv64-unknown-elf/lib/rv32imac/ilp32\libc_nano.a
LOAD c:/users/hanna/desktop/kth/he1041/toolchain-gd32v-v202-win/toolchain-gd32v-v202-win/compiler/bin/../lib/gcc/riscv64-unknown-elf/8.3.0/../../../../riscv64-unknown-elf/lib/rv32imac/ilp32\libgloss_nano.a
END GROUP
                0x0000000000001000                __stack_size = DEFINED (__stack_size)?__stack_size:0x1000
                0x0000000000000000                __dbg_stack_size = DEFINED (__dbg_stack_size)?__dbg_stack_size:0x0

.init           0x0000000008000000      0x254
 *(SORT_NONE(.init))
 .init          0x0000000008000000      0x254 build/start.o
                0x000000000800015c                _start
                0x0000000008000246                disable_mcycle_minstret
                0x000000000800024c                enable_mcycle_minstret

.ilalign        0x0000000008000254        0x0
                0x0000000008000254                . = ALIGN (0x4)
                [!provide]                        PROVIDE (_ilm_lma = .)

.ialign         0x0000000008000254        0x0
                [!provide]                        PROVIDE (_ilm = .)

.text           0x0000000008000280     0x3acc
 *(.rodata .rodata.*)
 .rodata        0x0000000008000280       0x10 build/gd32vf103_rcu.o
 .rodata._exit.str1.4
                0x0000000008000290       0x1f build/_exit.o
                                         0x23 (size before relaxing)
 *fill*         0x00000000080002af        0x1 
 .rodata.write_hex.str1.4
                0x00000000080002b0        0x3 build/write_hex.o
 *fill*         0x00000000080002b3        0x1 
 .rodata.handle_nmi.str1.4
                0x00000000080002b4        0x5 build/handlers.o
 *fill*         0x00000000080002b9        0x3 
 .rodata.handle_trap.str1.4
                0x00000000080002bc        0x6 build/handlers.o
 *fill*         0x00000000080002c2        0x2 
 .rodata.asc2_1608
                0x00000000080002c4      0x610 build/lcd.o
                0x00000000080002c4                asc2_1608
 *fill*         0x00000000080008d4        0x4 
 .rodata.lcd_delay_1ms.cst8
                0x00000000080008d8        0x8 build/lcd.o
 .rodata.ds18B20callBack.str1.4
                0x00000000080008e0        0x4 build/main.o
                                          0x2 (size before relaxing)
 .rodata        0x00000000080008e4       0x3c c:/users/hanna/desktop/kth/he1041/toolchain-gd32v-v202-win/toolchain-gd32v-v202-win/compiler/bin/../lib/gcc/riscv64-unknown-elf/8.3.0/rv32imac/ilp32\libgcc.a(divdf3.o)
 .rodata        0x0000000008000920       0x3c c:/users/hanna/desktop/kth/he1041/toolchain-gd32v-v202-win/toolchain-gd32v-v202-win/compiler/bin/../lib/gcc/riscv64-unknown-elf/8.3.0/rv32imac/ilp32\libgcc.a(muldf3.o)
 .rodata        0x000000000800095c      0x100 c:/users/hanna/desktop/kth/he1041/toolchain-gd32v-v202-win/toolchain-gd32v-v202-win/compiler/bin/../lib/gcc/riscv64-unknown-elf/8.3.0/rv32imac/ilp32\libgcc.a(_clz.o)
                0x000000000800095c                __clz_tab
 *(.text.unlikely .text.unlikely.*)
 *(.text.startup .text.startup.*)
 .text.startup.main
                0x0000000008000a5c       0xb6 build/main.o
                0x0000000008000a5c                main
 *(.text .text.*)
 .text.eclic_global_interrupt_enable
                0x0000000008000b12        0x6 build/gd32vf103_eclic.o
                0x0000000008000b12                eclic_global_interrupt_enable
 .text.gpio_init
                0x0000000008000b18       0xa4 build/gd32vf103_gpio.o
                0x0000000008000b18                gpio_init
 .text.gpio_bit_set
                0x0000000008000bbc        0x4 build/gd32vf103_gpio.o
                0x0000000008000bbc                gpio_bit_set
 .text.gpio_bit_reset
                0x0000000008000bc0        0x4 build/gd32vf103_gpio.o
                0x0000000008000bc0                gpio_bit_reset
 .text.gpio_bit_write
                0x0000000008000bc4        0xa build/gd32vf103_gpio.o
                0x0000000008000bc4                gpio_bit_write
 .text.gpio_input_bit_get
                0x0000000008000bce        0xa build/gd32vf103_gpio.o
                0x0000000008000bce                gpio_input_bit_get
 .text.rcu_periph_clock_enable
                0x0000000008000bd8       0x18 build/gd32vf103_rcu.o
                0x0000000008000bd8                rcu_periph_clock_enable
 .text.rcu_periph_reset_enable
                0x0000000008000bf0       0x18 build/gd32vf103_rcu.o
                0x0000000008000bf0                rcu_periph_reset_enable
 .text.rcu_periph_reset_disable
                0x0000000008000c08       0x1c build/gd32vf103_rcu.o
                0x0000000008000c08                rcu_periph_reset_disable
 .text.rcu_clock_freq_get
                0x0000000008000c24      0x13a build/gd32vf103_rcu.o
                0x0000000008000c24                rcu_clock_freq_get
 .text.spi_struct_para_init
                0x0000000008000d5e       0x1a build/gd32vf103_spi.o
                0x0000000008000d5e                spi_struct_para_init
 .text.spi_init
                0x0000000008000d78       0x36 build/gd32vf103_spi.o
                0x0000000008000d78                spi_init
 .text.spi_enable
                0x0000000008000dae        0xa build/gd32vf103_spi.o
                0x0000000008000dae                spi_enable
 .text.spi_i2s_data_transmit
                0x0000000008000db8        0x4 build/gd32vf103_spi.o
                0x0000000008000db8                spi_i2s_data_transmit
 .text.spi_crc_polynomial_set
                0x0000000008000dbc        0xc build/gd32vf103_spi.o
                0x0000000008000dbc                spi_crc_polynomial_set
 .text.spi_i2s_flag_get
                0x0000000008000dc8        0xa build/gd32vf103_spi.o
                0x0000000008000dc8                spi_i2s_flag_get
 .text.timer_deinit
                0x0000000008000dd2       0xd2 build/gd32vf103_timer.o
                0x0000000008000dd2                timer_deinit
 .text.timer_struct_para_init
                0x0000000008000ea4       0x18 build/gd32vf103_timer.o
                0x0000000008000ea4                timer_struct_para_init
 .text.timer_init
                0x0000000008000ebc       0x8e build/gd32vf103_timer.o
                0x0000000008000ebc                timer_init
 .text.timer_enable
                0x0000000008000f4a        0xa build/gd32vf103_timer.o
                0x0000000008000f4a                timer_enable
 .text.timer_auto_reload_shadow_enable
                0x0000000008000f54        0xa build/gd32vf103_timer.o
                0x0000000008000f54                timer_auto_reload_shadow_enable
 .text.timer_channel_output_struct_para_init
                0x0000000008000f5e       0x1a build/gd32vf103_timer.o
                0x0000000008000f5e                timer_channel_output_struct_para_init
 .text.timer_channel_output_config
                0x0000000008000f78      0x23c build/gd32vf103_timer.o
                0x0000000008000f78                timer_channel_output_config
 .text.timer_channel_output_mode_config
                0x00000000080011b4       0x56 build/gd32vf103_timer.o
                0x00000000080011b4                timer_channel_output_mode_config
 .text.timer_channel_output_pulse_value_config
                0x000000000800120a       0x26 build/gd32vf103_timer.o
                0x000000000800120a                timer_channel_output_pulse_value_config
 .text.timer_channel_output_shadow_config
                0x0000000008001230       0x56 build/gd32vf103_timer.o
                0x0000000008001230                timer_channel_output_shadow_config
 .text.usart_deinit
                0x0000000008001286       0xa2 build/gd32vf103_usart.o
                0x0000000008001286                usart_deinit
 .text.usart_baudrate_set
                0x0000000008001328       0x6c build/gd32vf103_usart.o
                0x0000000008001328                usart_baudrate_set
 .text.usart_parity_config
                0x0000000008001394       0x10 build/gd32vf103_usart.o
                0x0000000008001394                usart_parity_config
 .text.usart_word_length_set
                0x00000000080013a4       0x12 build/gd32vf103_usart.o
                0x00000000080013a4                usart_word_length_set
 .text.usart_stop_bit_set
                0x00000000080013b6       0x12 build/gd32vf103_usart.o
                0x00000000080013b6                usart_stop_bit_set
 .text.usart_enable
                0x00000000080013c8        0xa build/gd32vf103_usart.o
                0x00000000080013c8                usart_enable
 .text.usart_transmit_config
                0x00000000080013d2        0xa build/gd32vf103_usart.o
                0x00000000080013d2                usart_transmit_config
 .text.usart_receive_config
                0x00000000080013dc        0xa build/gd32vf103_usart.o
                0x00000000080013dc                usart_receive_config
 .text.usart_data_transmit
                0x00000000080013e6        0x8 build/gd32vf103_usart.o
                0x00000000080013e6                usart_data_transmit
 .text.usart_hardware_flow_rts_config
                0x00000000080013ee        0xc build/gd32vf103_usart.o
                0x00000000080013ee                usart_hardware_flow_rts_config
 .text.usart_hardware_flow_cts_config
                0x00000000080013fa        0xc build/gd32vf103_usart.o
                0x00000000080013fa                usart_hardware_flow_cts_config
 .text.usart_flag_get
                0x0000000008001406       0x14 build/gd32vf103_usart.o
                0x0000000008001406                usart_flag_get
 .text.usart_interrupt_disable
                0x000000000800141a       0x1c build/gd32vf103_usart.o
                0x000000000800141a                usart_interrupt_disable
 .text.SystemInit
                0x0000000008001436      0x11c build/system_gd32vf103.o
                0x0000000008001436                SystemInit
 .text._exit    0x0000000008001552       0x4c build/_exit.o
                0x0000000008001552                _exit
 .text.write_hex
                0x000000000800159e       0x7c build/write_hex.o
                0x000000000800159e                write_hex
 .text.get_timer_value
                0x000000000800161a       0x10 build/n200_func.o
                0x000000000800161a                get_timer_value
 .text.eclic_init
                0x000000000800162a       0x22 build/n200_func.o
                0x000000000800162a                eclic_init
 .text.eclic_enable_interrupt
                0x000000000800164c       0x12 build/n200_func.o
                0x000000000800164c                eclic_enable_interrupt
 .text.eclic_get_nlbits
                0x000000000800165e        0xe build/n200_func.o
                0x000000000800165e                eclic_get_nlbits
 .text.eclic_set_irq_lvl_abs
                0x000000000800166c       0x58 build/n200_func.o
                0x000000000800166c                eclic_set_irq_lvl_abs
 .text.eclic_set_irq_priority
                0x00000000080016c4       0x52 build/n200_func.o
                0x00000000080016c4                eclic_set_irq_priority
 .text.eclic_mode_enable
                0x0000000008001716       0x12 build/n200_func.o
                0x0000000008001716                eclic_mode_enable
 .text.eclic_set_vmode
                0x0000000008001728       0x18 build/n200_func.o
                0x0000000008001728                eclic_set_vmode
 .text.handle_nmi
                0x0000000008001740       0x22 build/handlers.o
                0x0000000008001740                handle_nmi
 .text.handle_trap
                0x0000000008001762       0x38 build/handlers.o
                0x0000000008001762                handle_trap
 .text._init    0x000000000800179a       0x2c build/init.o
                0x000000000800179a                _init
 .text._fini    0x00000000080017c6        0x2 build/init.o
                0x00000000080017c6                _fini
 .text.ds18B20fsm
                0x00000000080017c8      0x128 build/ds18b20.o
                0x00000000080017c8                ds18B20fsm
 .text.ds18B20init
                0x00000000080018f0       0x70 build/ds18b20.o
                0x00000000080018f0                ds18B20init
 .text.eclicw_enable
                0x0000000008001960       0x9a build/eclicw.o
                0x0000000008001960                eclicw_enable
 .text.eclic_mtip_handler
                0x00000000080019fa       0x52 build/eclicw.o
                0x00000000080019fa                eclic_mtip_handler
 .text.USART0_IRQHandler
                0x0000000008001a4c       0x52 build/eclicw.o
                0x0000000008001a4c                USART0_IRQHandler
 .text.lcd_delay_1ms
                0x0000000008001a9e       0xce build/lcd.o
                0x0000000008001a9e                lcd_delay_1ms
 .text.LCD_WR_Queue
                0x0000000008001b6c       0xc2 build/lcd.o
                0x0000000008001b6c                LCD_WR_Queue
 .text.LCD_Wait_On_Queue
                0x0000000008001c2e       0x30 build/lcd.o
                0x0000000008001c2e                LCD_Wait_On_Queue
 .text.LCD_Write_Bus
                0x0000000008001c5e       0x58 build/lcd.o
                0x0000000008001c5e                LCD_Write_Bus
 .text.LCD_WR_DATA
                0x0000000008001cb6       0x2c build/lcd.o
                0x0000000008001cb6                LCD_WR_DATA
 .text.LCD_Address_Set
                0x0000000008001ce2       0x82 build/lcd.o
                0x0000000008001ce2                LCD_Address_Set
 .text.spi_config
                0x0000000008001d64       0x6c build/lcd.o
                0x0000000008001d64                spi_config
 .text.Lcd_SetType
                0x0000000008001dd0       0x26 build/lcd.o
                0x0000000008001dd0                Lcd_SetType
 .text.Lcd_Init
                0x0000000008001df6      0x464 build/lcd.o
                0x0000000008001df6                Lcd_Init
 .text.LCD_Clear
                0x000000000800225a       0x46 build/lcd.o
                0x000000000800225a                LCD_Clear
 .text.LCD_DrawPoint
                0x00000000080022a0       0x24 build/lcd.o
                0x00000000080022a0                LCD_DrawPoint
 .text.LCD_ShowChar
                0x00000000080022c4       0xde build/lcd.o
                0x00000000080022c4                LCD_ShowChar
 .text.LCD_ShowString
                0x00000000080023a2       0x76 build/lcd.o
                0x00000000080023a2                LCD_ShowString
 .text.LCD_ShowNum
                0x0000000008002418       0xa8 build/lcd.o
                0x0000000008002418                LCD_ShowNum
 .text.ds18B20callBack
                0x00000000080024c0       0x5a build/main.o
                0x00000000080024c0                ds18B20callBack
 .text.TpowerUpInitPWM
                0x000000000800251a      0x26e build/pwm.o
                0x000000000800251a                TpowerUpInitPWM
 .text.u0_TX_Queue
                0x0000000008002788       0x88 build/usart.o
                0x0000000008002788                u0_TX_Queue
 .text.u0init   0x0000000008002810      0x10a build/usart.o
                0x0000000008002810                u0init
 *fill*         0x000000000800291a       0x26 
 .text.trap     0x0000000008002940       0x82 build/entry.o
                0x0000000008002940                trap_entry
 *fill*         0x00000000080029c2        0x2 
 .text.irq      0x00000000080029c4       0x72 build/entry.o
                0x00000000080029c4                irq_entry
 .text          0x0000000008002a36      0x2e4 build/drivers.o
                0x0000000008002aa8                t5omsi
                0x0000000008002ada                t5expq
                0x0000000008002aea                colinit
                0x0000000008002b2a                colset
                0x0000000008002b62                l88init
                0x0000000008002b94                l88row
                0x0000000008002bca                l88mem
                0x0000000008002bde                keyinit
                0x0000000008002c10                keyscan
 .text          0x0000000008002d1a       0xcc build/switch1.o
                0x0000000008002d1a                switch_hw_init
                0x0000000008002d5a                get_switch_status
                0x0000000008002d7a                set_led_status
 .text          0x0000000008002de6      0x546 c:/users/hanna/desktop/kth/he1041/toolchain-gd32v-v202-win/toolchain-gd32v-v202-win/compiler/bin/../lib/gcc/riscv64-unknown-elf/8.3.0/rv32imac/ilp32\libgcc.a(divdf3.o)
                0x0000000008002de6                __divdf3
 .text          0x000000000800332c       0xa4 c:/users/hanna/desktop/kth/he1041/toolchain-gd32v-v202-win/toolchain-gd32v-v202-win/compiler/bin/../lib/gcc/riscv64-unknown-elf/8.3.0/rv32imac/ilp32\libgcc.a(ledf2.o)
                0x000000000800332c                __ledf2
                0x000000000800332c                __ltdf2
 .text          0x00000000080033d0      0x44c c:/users/hanna/desktop/kth/he1041/toolchain-gd32v-v202-win/toolchain-gd32v-v202-win/compiler/bin/../lib/gcc/riscv64-unknown-elf/8.3.0/rv32imac/ilp32\libgcc.a(muldf3.o)
                0x00000000080033d0                __muldf3
 .text          0x000000000800381c       0x56 c:/users/hanna/desktop/kth/he1041/toolchain-gd32v-v202-win/toolchain-gd32v-v202-win/compiler/bin/../lib/gcc/riscv64-unknown-elf/8.3.0/rv32imac/ilp32\libgcc.a(floatunsidf.o)
                0x000000000800381c                __floatunsidf
 .text          0x0000000008003872      0x166 c:/users/hanna/desktop/kth/he1041/toolchain-gd32v-v202-win/toolchain-gd32v-v202-win/compiler/bin/../lib/gcc/riscv64-unknown-elf/8.3.0/rv32imac/ilp32\libgcc.a(floatundidf.o)
                0x0000000008003872                __floatundidf
 .text          0x00000000080039d8       0x2a c:/users/hanna/desktop/kth/he1041/toolchain-gd32v-v202-win/toolchain-gd32v-v202-win/compiler/bin/../lib/gcc/riscv64-unknown-elf/8.3.0/rv32imac/ilp32\libgcc.a(_lshrdi3.o)
                0x00000000080039d8                __lshrdi3
 .text          0x0000000008003a02       0x2a c:/users/hanna/desktop/kth/he1041/toolchain-gd32v-v202-win/toolchain-gd32v-v202-win/compiler/bin/../lib/gcc/riscv64-unknown-elf/8.3.0/rv32imac/ilp32\libgcc.a(_ashldi3.o)
                0x0000000008003a02                __ashldi3
 .text          0x0000000008003a2c       0x3c c:/users/hanna/desktop/kth/he1041/toolchain-gd32v-v202-win/toolchain-gd32v-v202-win/compiler/bin/../lib/gcc/riscv64-unknown-elf/8.3.0/rv32imac/ilp32\libgcc.a(_clzsi2.o)
                0x0000000008003a2c                __clzsi2
 .text.atexit   0x0000000008003a68       0x10 c:/users/hanna/desktop/kth/he1041/toolchain-gd32v-v202-win/toolchain-gd32v-v202-win/compiler/bin/../lib/gcc/riscv64-unknown-elf/8.3.0/../../../../riscv64-unknown-elf/lib/rv32imac/ilp32\libc_nano.a(lib_a-atexit.o)
                0x0000000008003a68                atexit
 .text.exit     0x0000000008003a78       0x36 c:/users/hanna/desktop/kth/he1041/toolchain-gd32v-v202-win/toolchain-gd32v-v202-win/compiler/bin/../lib/gcc/riscv64-unknown-elf/8.3.0/../../../../riscv64-unknown-elf/lib/rv32imac/ilp32\libc_nano.a(lib_a-exit.o)
                0x0000000008003a78                exit
 .text.__libc_fini_array
                0x0000000008003aae       0x38 c:/users/hanna/desktop/kth/he1041/toolchain-gd32v-v202-win/toolchain-gd32v-v202-win/compiler/bin/../lib/gcc/riscv64-unknown-elf/8.3.0/../../../../riscv64-unknown-elf/lib/rv32imac/ilp32\libc_nano.a(lib_a-fini.o)
                0x0000000008003aae                __libc_fini_array
 .text.__libc_init_array
                0x0000000008003ae6       0x6a c:/users/hanna/desktop/kth/he1041/toolchain-gd32v-v202-win/toolchain-gd32v-v202-win/compiler/bin/../lib/gcc/riscv64-unknown-elf/8.3.0/../../../../riscv64-unknown-elf/lib/rv32imac/ilp32\libc_nano.a(lib_a-init.o)
                0x0000000008003ae6                __libc_init_array
 .text          0x0000000008003b50       0x16 c:/users/hanna/desktop/kth/he1041/toolchain-gd32v-v202-win/toolchain-gd32v-v202-win/compiler/bin/../lib/gcc/riscv64-unknown-elf/8.3.0/../../../../riscv64-unknown-elf/lib/rv32imac/ilp32\libc_nano.a(lib_a-memcpy-asm.o)
                0x0000000008003b50                memcpy
 .text.write    0x0000000008003b66       0x18 c:/users/hanna/desktop/kth/he1041/toolchain-gd32v-v202-win/toolchain-gd32v-v202-win/compiler/bin/../lib/gcc/riscv64-unknown-elf/8.3.0/../../../../riscv64-unknown-elf/lib/rv32imac/ilp32\libc_nano.a(lib_a-syswrite.o)
                0x0000000008003b66                write
 .text._write_r
                0x0000000008003b7e       0x3a c:/users/hanna/desktop/kth/he1041/toolchain-gd32v-v202-win/toolchain-gd32v-v202-win/compiler/bin/../lib/gcc/riscv64-unknown-elf/8.3.0/../../../../riscv64-unknown-elf/lib/rv32imac/ilp32\libc_nano.a(lib_a-writer.o)
                0x0000000008003b7e                _write_r
 .text.__register_exitproc
                0x0000000008003bb8       0x8c c:/users/hanna/desktop/kth/he1041/toolchain-gd32v-v202-win/toolchain-gd32v-v202-win/compiler/bin/../lib/gcc/riscv64-unknown-elf/8.3.0/../../../../riscv64-unknown-elf/lib/rv32imac/ilp32\libc_nano.a(lib_a-__atexit.o)
                0x0000000008003bb8                __register_exitproc
 .text.__call_exitprocs
                0x0000000008003c44       0xc8 c:/users/hanna/desktop/kth/he1041/toolchain-gd32v-v202-win/toolchain-gd32v-v202-win/compiler/bin/../lib/gcc/riscv64-unknown-elf/8.3.0/../../../../riscv64-unknown-elf/lib/rv32imac/ilp32\libc_nano.a(lib_a-__call_atexit.o)
                0x0000000008003c44                __call_exitprocs
 .text._write   0x0000000008003d0c       0x34 c:/users/hanna/desktop/kth/he1041/toolchain-gd32v-v202-win/toolchain-gd32v-v202-win/compiler/bin/../lib/gcc/riscv64-unknown-elf/8.3.0/../../../../riscv64-unknown-elf/lib/rv32imac/ilp32\libgloss_nano.a(sys_write.o)
                0x0000000008003d0c                _write
 .text.__errno  0x0000000008003d40        0xc c:/users/hanna/desktop/kth/he1041/toolchain-gd32v-v202-win/toolchain-gd32v-v202-win/compiler/bin/../lib/gcc/riscv64-unknown-elf/8.3.0/../../../../riscv64-unknown-elf/lib/rv32imac/ilp32\libc_nano.a(lib_a-errno.o)
                0x0000000008003d40                __errno
 *(.gnu.linkonce.t.*)

.sdata2._global_impure_ptr
                0x0000000008003d4c        0x4
 .sdata2._global_impure_ptr
                0x0000000008003d4c        0x4 c:/users/hanna/desktop/kth/he1041/toolchain-gd32v-v202-win/toolchain-gd32v-v202-win/compiler/bin/../lib/gcc/riscv64-unknown-elf/8.3.0/../../../../riscv64-unknown-elf/lib/rv32imac/ilp32\libc_nano.a(lib_a-impure.o)
                0x0000000008003d4c                _global_impure_ptr

.rela.dyn       0x0000000008003d50        0x0
 .rela.text.handle_trap
                0x0000000008003d50        0x0 build/gd32vf103_eclic.o
 .rela.text.LCD_ShowChar
                0x0000000008003d50        0x0 build/gd32vf103_eclic.o
 .rela.init     0x0000000008003d50        0x0 build/gd32vf103_eclic.o
 .rela.text.trap
                0x0000000008003d50        0x0 build/gd32vf103_eclic.o
 .rela.text.__libc_fini_array
                0x0000000008003d50        0x0 build/gd32vf103_eclic.o
 .rela.data.impure_data
                0x0000000008003d50        0x0 build/gd32vf103_eclic.o
 .rela.text.__libc_init_array
                0x0000000008003d50        0x0 build/gd32vf103_eclic.o
 .rela.text._write_r
                0x0000000008003d50        0x0 build/gd32vf103_eclic.o
 .rela.text.__register_exitproc
                0x0000000008003d50        0x0 build/gd32vf103_eclic.o

.fini
 *(SORT_NONE(.fini))
                0x0000000008003d50                . = ALIGN (0x4)
                [!provide]                        PROVIDE (__etext = .)
                [!provide]                        PROVIDE (_etext = .)
                [!provide]                        PROVIDE (etext = .)
                [!provide]                        PROVIDE (_eilm = .)

.preinit_array  0x0000000008003d50        0x0
                0x0000000008003d50                PROVIDE (__preinit_array_start = .)
 *(.preinit_array)
                0x0000000008003d50                PROVIDE (__preinit_array_end = .)

.init_array     0x0000000008003d50        0x0
                0x0000000008003d50                PROVIDE (__init_array_start = .)
 *(SORT_BY_INIT_PRIORITY(.init_array.*) SORT_BY_INIT_PRIORITY(.ctors.*))
 *(.init_array EXCLUDE_FILE(*crtend?.o *crtend.o *crtbegin?.o *crtbegin.o) .ctors)
                0x0000000008003d50                PROVIDE (__init_array_end = .)

.fini_array     0x0000000008003d50        0x0
                0x0000000008003d50                PROVIDE (__fini_array_start = .)
 *(SORT_BY_INIT_PRIORITY(.fini_array.*) SORT_BY_INIT_PRIORITY(.dtors.*))
 *(.fini_array EXCLUDE_FILE(*crtend?.o *crtend.o *crtbegin?.o *crtbegin.o) .dtors)
                0x0000000008003d50                PROVIDE (__fini_array_end = .)

.ctors
 *crtbegin.o(.ctors)
 *crtbegin?.o(.ctors)
 *(EXCLUDE_FILE(*crtend?.o *crtend.o) .ctors)
 *(SORT_BY_NAME(.ctors.*))
 *(.ctors)

.dtors
 *crtbegin.o(.dtors)
 *crtbegin?.o(.dtors)
 *(EXCLUDE_FILE(*crtend?.o *crtend.o) .dtors)
 *(SORT_BY_NAME(.dtors.*))
 *(.dtors)
                0x0000000008003d50                . = ALIGN (0x4)
                [!provide]                        PROVIDE (_eilm = .)

.lalign         0x0000000008003d50        0x0
                0x0000000008003d50                . = ALIGN (0x4)
                0x0000000008003d50                PROVIDE (_data_lma = .)

.dalign         0x0000000020000000        0x0 load address 0x0000000008003d50
                0x0000000020000000                . = ALIGN (0x4)
                0x0000000020000000                PROVIDE (_data = .)

.data           0x0000000020000000      0x270 load address 0x0000000008003d50
 *(.rdata)
 *(.gnu.linkonce.r.*)
 *(.data .data.*)
 .data.ds18B20cmd
                0x0000000020000000      0x1e4 build/ds18b20.o
                0x0000000020000000                ds18B20cmd
 .data          0x00000000200001e4       0x1f build/drivers.o
 *fill*         0x0000000020000203        0x1 
 .data.impure_data
                0x0000000020000204       0x60 c:/users/hanna/desktop/kth/he1041/toolchain-gd32v-v202-win/toolchain-gd32v-v202-win/compiler/bin/../lib/gcc/riscv64-unknown-elf/8.3.0/../../../../riscv64-unknown-elf/lib/rv32imac/ilp32\libc_nano.a(lib_a-impure.o)
 *(.gnu.linkonce.d.*)
                0x0000000020000268                . = ALIGN (0x8)
 *fill*         0x0000000020000264        0x4 
                0x0000000020000a68                PROVIDE (__global_pointer$ = (. + 0x800))
 *(.sdata .sdata.*)
 .sdata.SystemCoreClock
                0x0000000020000268        0x4 build/system_gd32vf103.o
                0x0000000020000268                SystemCoreClock
 .sdata._impure_ptr
                0x000000002000026c        0x4 c:/users/hanna/desktop/kth/he1041/toolchain-gd32v-v202-win/toolchain-gd32v-v202-win/compiler/bin/../lib/gcc/riscv64-unknown-elf/8.3.0/../../../../riscv64-unknown-elf/lib/rv32imac/ilp32\libc_nano.a(lib_a-impure.o)
                0x000000002000026c                _impure_ptr
 *(.gnu.linkonce.s.*)
                0x0000000020000270                . = ALIGN (0x8)
 *(.srodata.cst16)
 *(.srodata.cst8)
 *(.srodata.cst4)
 *(.srodata.cst2)
 *(.srodata .srodata.*)
                0x0000000020000270                . = ALIGN (0x4)
                0x0000000020000270                PROVIDE (_edata = .)
                [!provide]                        PROVIDE (edata = .)
                [!provide]                        PROVIDE (_fbss = .)
                0x0000000020000270                PROVIDE (__bss_start = .)

.bss            0x0000000020000270      0x8c8
 *(.sbss*)
 .sbss.d.3508   0x0000000020000270        0x4 build/ds18b20.o
 .sbss.pCB      0x0000000020000274        0x4 build/ds18b20.o
                0x0000000020000274                pCB
 .sbss.s.3506   0x0000000020000278        0x4 build/ds18b20.o
 .sbss.t.3507   0x000000002000027c        0x4 build/ds18b20.o
 .sbss.max_irqn.3501
                0x0000000020000280        0x4 build/eclicw.o
 .sbss.pmtisr   0x0000000020000284        0x4 build/eclicw.o
 .sbss.pu0tbeisr
                0x0000000020000288        0x4 build/eclicw.o
 .sbss.lcd_conf
                0x000000002000028c        0x4 build/lcd.o
                0x000000002000028c                lcd_conf
 .sbss.r        0x0000000020000290        0x4 build/lcd.o
                0x0000000020000290                r
 .sbss.w        0x0000000020000294        0x4 build/lcd.o
                0x0000000020000294                w
 .sbss.txr      0x0000000020000298        0x4 build/usart.o
                0x0000000020000298                txr
 .sbss.txw      0x000000002000029c        0x4 build/usart.o
                0x000000002000029c                txw
 .sbss._global_atexit
                0x00000000200002a0        0x4 c:/users/hanna/desktop/kth/he1041/toolchain-gd32v-v202-win/toolchain-gd32v-v202-win/compiler/bin/../lib/gcc/riscv64-unknown-elf/8.3.0/../../../../riscv64-unknown-elf/lib/rv32imac/ilp32\libc_nano.a(lib_a-__call_atexit.o)
                0x00000000200002a0                _global_atexit
 *(.gnu.linkonce.sb.*)
 *(.bss .bss.*)
 .bss.queue     0x00000000200002a4      0x400 build/lcd.o
                0x00000000200002a4                queue
 .bss.txq       0x00000000200006a4      0x400 build/usart.o
                0x00000000200006a4                txq
 .bss._global_atexit0
                0x0000000020000aa4       0x8c c:/users/hanna/desktop/kth/he1041/toolchain-gd32v-v202-win/toolchain-gd32v-v202-win/compiler/bin/../lib/gcc/riscv64-unknown-elf/8.3.0/../../../../riscv64-unknown-elf/lib/rv32imac/ilp32\libc_nano.a(lib_a-__atexit.o)
 *(.gnu.linkonce.b.*)
 *(COMMON)
 COMMON         0x0000000020000b30        0x4 build/lcd.o
                0x0000000020000b30                BACK_COLOR
 COMMON         0x0000000020000b34        0x4 c:/users/hanna/desktop/kth/he1041/toolchain-gd32v-v202-win/toolchain-gd32v-v202-win/compiler/bin/../lib/gcc/riscv64-unknown-elf/8.3.0/../../../../riscv64-unknown-elf/lib/rv32imac/ilp32\libc_nano.a(lib_a-reent.o)
                0x0000000020000b34                errno
                0x0000000020000b38                . = ALIGN (0x4)
                0x0000000020000b38                . = ALIGN (0x8)
                0x0000000020000b38                PROVIDE (_end = .)
                [!provide]                        PROVIDE (end = .)

.stack          0x0000000020007000     0x1000 load address 0x0000000020000b38
                0x0000000020007000                PROVIDE (_heap_end = .)
                0x0000000000001000                . = __stack_size
 *fill*         0x0000000020007000     0x1000 
                0x0000000020008000                PROVIDE (_sp = .)
                0x0000000000001000                . = (__dbg_stack_size + __stack_size)
                [!provide]                        PROVIDE (_dbg_sp = .)
OUTPUT(build/gd32vf103.elf elf32-littleriscv)

.debug_info     0x0000000000000000    0x11a59
 .debug_info    0x0000000000000000      0x2ac build/gd32vf103_eclic.o
 .debug_info    0x00000000000002ac      0x6f6 build/gd32vf103_gpio.o
 .debug_info    0x00000000000009a2      0xf51 build/gd32vf103_rcu.o
 .debug_info    0x00000000000018f3      0xa73 build/gd32vf103_spi.o
 .debug_info    0x0000000000002366     0x16ec build/gd32vf103_timer.o
 .debug_info    0x0000000000003a52      0xccd build/gd32vf103_usart.o
 .debug_info    0x000000000000471f      0x203 build/system_gd32vf103.o
 .debug_info    0x0000000000004922      0x1d3 build/_exit.o
 .debug_info    0x0000000000004af5      0x1bb build/write_hex.o
 .debug_info    0x0000000000004cb0     0x18a2 build/n200_func.o
 .debug_info    0x0000000000006552      0xb4f build/handlers.o
 .debug_info    0x00000000000070a1      0xcb0 build/init.o
 .debug_info    0x0000000000007d51      0x434 build/ds18b20.o
 .debug_info    0x0000000000008185      0x3da build/eclicw.o
 .debug_info    0x000000000000855f     0x2fa5 build/lcd.o
 .debug_info    0x000000000000b504      0xda7 build/main.o
 .debug_info    0x000000000000c2ab      0x822 build/pwm.o
 .debug_info    0x000000000000cacd      0x816 build/usart.o
 .debug_info    0x000000000000d2e3       0x26 build/start.o
 .debug_info    0x000000000000d309       0x22 build/entry.o
 .debug_info    0x000000000000d32b       0x26 build/drivers.o
 .debug_info    0x000000000000d351       0x26 build/switch1.o
 .debug_info    0x000000000000d377      0x734 c:/users/hanna/desktop/kth/he1041/toolchain-gd32v-v202-win/toolchain-gd32v-v202-win/compiler/bin/../lib/gcc/riscv64-unknown-elf/8.3.0/rv32imac/ilp32\libgcc.a(divdf3.o)
 .debug_info    0x000000000000daab      0x286 c:/users/hanna/desktop/kth/he1041/toolchain-gd32v-v202-win/toolchain-gd32v-v202-win/compiler/bin/../lib/gcc/riscv64-unknown-elf/8.3.0/rv32imac/ilp32\libgcc.a(ledf2.o)
 .debug_info    0x000000000000dd31      0x76c c:/users/hanna/desktop/kth/he1041/toolchain-gd32v-v202-win/toolchain-gd32v-v202-win/compiler/bin/../lib/gcc/riscv64-unknown-elf/8.3.0/rv32imac/ilp32\libgcc.a(muldf3.o)
 .debug_info    0x000000000000e49d      0x2af c:/users/hanna/desktop/kth/he1041/toolchain-gd32v-v202-win/toolchain-gd32v-v202-win/compiler/bin/../lib/gcc/riscv64-unknown-elf/8.3.0/rv32imac/ilp32\libgcc.a(floatunsidf.o)
 .debug_info    0x000000000000e74c      0x2e8 c:/users/hanna/desktop/kth/he1041/toolchain-gd32v-v202-win/toolchain-gd32v-v202-win/compiler/bin/../lib/gcc/riscv64-unknown-elf/8.3.0/rv32imac/ilp32\libgcc.a(floatundidf.o)
 .debug_info    0x000000000000ea34      0xc72 c:/users/hanna/desktop/kth/he1041/toolchain-gd32v-v202-win/toolchain-gd32v-v202-win/compiler/bin/../lib/gcc/riscv64-unknown-elf/8.3.0/rv32imac/ilp32\libgcc.a(_lshrdi3.o)
 .debug_info    0x000000000000f6a6      0xc72 c:/users/hanna/desktop/kth/he1041/toolchain-gd32v-v202-win/toolchain-gd32v-v202-win/compiler/bin/../lib/gcc/riscv64-unknown-elf/8.3.0/rv32imac/ilp32\libgcc.a(_ashldi3.o)
 .debug_info    0x0000000000010318      0xbd7 c:/users/hanna/desktop/kth/he1041/toolchain-gd32v-v202-win/toolchain-gd32v-v202-win/compiler/bin/../lib/gcc/riscv64-unknown-elf/8.3.0/rv32imac/ilp32\libgcc.a(_clzsi2.o)
 .debug_info    0x0000000000010eef      0xb6a c:/users/hanna/desktop/kth/he1041/toolchain-gd32v-v202-win/toolchain-gd32v-v202-win/compiler/bin/../lib/gcc/riscv64-unknown-elf/8.3.0/rv32imac/ilp32\libgcc.a(_clz.o)

.debug_abbrev   0x0000000000000000     0x37af
 .debug_abbrev  0x0000000000000000      0x112 build/gd32vf103_eclic.o
 .debug_abbrev  0x0000000000000112      0x228 build/gd32vf103_gpio.o
 .debug_abbrev  0x000000000000033a      0x259 build/gd32vf103_rcu.o
 .debug_abbrev  0x0000000000000593      0x21a build/gd32vf103_spi.o
 .debug_abbrev  0x00000000000007ad      0x2c1 build/gd32vf103_timer.o
 .debug_abbrev  0x0000000000000a6e      0x1eb build/gd32vf103_usart.o
 .debug_abbrev  0x0000000000000c59       0xe0 build/system_gd32vf103.o
 .debug_abbrev  0x0000000000000d39       0xec build/_exit.o
 .debug_abbrev  0x0000000000000e25       0xfa build/write_hex.o
 .debug_abbrev  0x0000000000000f1f      0x4db build/n200_func.o
 .debug_abbrev  0x00000000000013fa      0x234 build/handlers.o
 .debug_abbrev  0x000000000000162e      0x22b build/init.o
 .debug_abbrev  0x0000000000001859      0x163 build/ds18b20.o
 .debug_abbrev  0x00000000000019bc      0x117 build/eclicw.o
 .debug_abbrev  0x0000000000001ad3      0x55b build/lcd.o
 .debug_abbrev  0x000000000000202e      0x2ea build/main.o
 .debug_abbrev  0x0000000000002318      0x1b3 build/pwm.o
 .debug_abbrev  0x00000000000024cb      0x1b4 build/usart.o
 .debug_abbrev  0x000000000000267f       0x14 build/start.o
 .debug_abbrev  0x0000000000002693       0x12 build/entry.o
 .debug_abbrev  0x00000000000026a5       0x14 build/drivers.o
 .debug_abbrev  0x00000000000026b9       0x14 build/switch1.o
 .debug_abbrev  0x00000000000026cd      0x187 c:/users/hanna/desktop/kth/he1041/toolchain-gd32v-v202-win/toolchain-gd32v-v202-win/compiler/bin/../lib/gcc/riscv64-unknown-elf/8.3.0/rv32imac/ilp32\libgcc.a(divdf3.o)
 .debug_abbrev  0x0000000000002854      0x199 c:/users/hanna/desktop/kth/he1041/toolchain-gd32v-v202-win/toolchain-gd32v-v202-win/compiler/bin/../lib/gcc/riscv64-unknown-elf/8.3.0/rv32imac/ilp32\libgcc.a(ledf2.o)
 .debug_abbrev  0x00000000000029ed      0x197 c:/users/hanna/desktop/kth/he1041/toolchain-gd32v-v202-win/toolchain-gd32v-v202-win/compiler/bin/../lib/gcc/riscv64-unknown-elf/8.3.0/rv32imac/ilp32\libgcc.a(muldf3.o)
 .debug_abbrev  0x0000000000002b84      0x178 c:/users/hanna/desktop/kth/he1041/toolchain-gd32v-v202-win/toolchain-gd32v-v202-win/compiler/bin/../lib/gcc/riscv64-unknown-elf/8.3.0/rv32imac/ilp32\libgcc.a(floatunsidf.o)
 .debug_abbrev  0x0000000000002cfc      0x19f c:/users/hanna/desktop/kth/he1041/toolchain-gd32v-v202-win/toolchain-gd32v-v202-win/compiler/bin/../lib/gcc/riscv64-unknown-elf/8.3.0/rv32imac/ilp32\libgcc.a(floatundidf.o)
 .debug_abbrev  0x0000000000002e9b      0x275 c:/users/hanna/desktop/kth/he1041/toolchain-gd32v-v202-win/toolchain-gd32v-v202-win/compiler/bin/../lib/gcc/riscv64-unknown-elf/8.3.0/rv32imac/ilp32\libgcc.a(_lshrdi3.o)
 .debug_abbrev  0x0000000000003110      0x275 c:/users/hanna/desktop/kth/he1041/toolchain-gd32v-v202-win/toolchain-gd32v-v202-win/compiler/bin/../lib/gcc/riscv64-unknown-elf/8.3.0/rv32imac/ilp32\libgcc.a(_ashldi3.o)
 .debug_abbrev  0x0000000000003385      0x242 c:/users/hanna/desktop/kth/he1041/toolchain-gd32v-v202-win/toolchain-gd32v-v202-win/compiler/bin/../lib/gcc/riscv64-unknown-elf/8.3.0/rv32imac/ilp32\libgcc.a(_clzsi2.o)
 .debug_abbrev  0x00000000000035c7      0x1e8 c:/users/hanna/desktop/kth/he1041/toolchain-gd32v-v202-win/toolchain-gd32v-v202-win/compiler/bin/../lib/gcc/riscv64-unknown-elf/8.3.0/rv32imac/ilp32\libgcc.a(_clz.o)

.debug_loc      0x0000000000000000     0x8737
 .debug_loc     0x0000000000000000       0xe7 build/gd32vf103_eclic.o
 .debug_loc     0x00000000000000e7      0x4ba build/gd32vf103_gpio.o
 .debug_loc     0x00000000000005a1      0xcf4 build/gd32vf103_rcu.o
 .debug_loc     0x0000000000001295      0x54e build/gd32vf103_spi.o
 .debug_loc     0x00000000000017e3      0xef4 build/gd32vf103_timer.o
 .debug_loc     0x00000000000026d7      0x773 build/gd32vf103_usart.o
 .debug_loc     0x0000000000002e4a      0x173 build/system_gd32vf103.o
 .debug_loc     0x0000000000002fbd       0x3e build/_exit.o
 .debug_loc     0x0000000000002ffb      0x101 build/write_hex.o
 .debug_loc     0x00000000000030fc      0xa1d build/n200_func.o
 .debug_loc     0x0000000000003b19       0x7f build/handlers.o
 .debug_loc     0x0000000000003b98       0x2c build/init.o
 .debug_loc     0x0000000000003bc4       0x94 build/ds18b20.o
 .debug_loc     0x0000000000003c58      0x16e build/eclicw.o
 .debug_loc     0x0000000000003dc6     0x1ec3 build/lcd.o
 .debug_loc     0x0000000000005c89      0x11d build/main.o
 .debug_loc     0x0000000000005da6       0xfc build/pwm.o
 .debug_loc     0x0000000000005ea2      0x187 build/usart.o
 .debug_loc     0x0000000000006029     0x129b c:/users/hanna/desktop/kth/he1041/toolchain-gd32v-v202-win/toolchain-gd32v-v202-win/compiler/bin/../lib/gcc/riscv64-unknown-elf/8.3.0/rv32imac/ilp32\libgcc.a(divdf3.o)
 .debug_loc     0x00000000000072c4      0x156 c:/users/hanna/desktop/kth/he1041/toolchain-gd32v-v202-win/toolchain-gd32v-v202-win/compiler/bin/../lib/gcc/riscv64-unknown-elf/8.3.0/rv32imac/ilp32\libgcc.a(ledf2.o)
 .debug_loc     0x000000000000741a      0xd6e c:/users/hanna/desktop/kth/he1041/toolchain-gd32v-v202-win/toolchain-gd32v-v202-win/compiler/bin/../lib/gcc/riscv64-unknown-elf/8.3.0/rv32imac/ilp32\libgcc.a(muldf3.o)
 .debug_loc     0x0000000000008188      0x15c c:/users/hanna/desktop/kth/he1041/toolchain-gd32v-v202-win/toolchain-gd32v-v202-win/compiler/bin/../lib/gcc/riscv64-unknown-elf/8.3.0/rv32imac/ilp32\libgcc.a(floatunsidf.o)
 .debug_loc     0x00000000000082e4      0x2ec c:/users/hanna/desktop/kth/he1041/toolchain-gd32v-v202-win/toolchain-gd32v-v202-win/compiler/bin/../lib/gcc/riscv64-unknown-elf/8.3.0/rv32imac/ilp32\libgcc.a(floatundidf.o)
 .debug_loc     0x00000000000085d0       0x7e c:/users/hanna/desktop/kth/he1041/toolchain-gd32v-v202-win/toolchain-gd32v-v202-win/compiler/bin/../lib/gcc/riscv64-unknown-elf/8.3.0/rv32imac/ilp32\libgcc.a(_lshrdi3.o)
 .debug_loc     0x000000000000864e       0x7e c:/users/hanna/desktop/kth/he1041/toolchain-gd32v-v202-win/toolchain-gd32v-v202-win/compiler/bin/../lib/gcc/riscv64-unknown-elf/8.3.0/rv32imac/ilp32\libgcc.a(_ashldi3.o)
 .debug_loc     0x00000000000086cc       0x6b c:/users/hanna/desktop/kth/he1041/toolchain-gd32v-v202-win/toolchain-gd32v-v202-win/compiler/bin/../lib/gcc/riscv64-unknown-elf/8.3.0/rv32imac/ilp32\libgcc.a(_clzsi2.o)

.debug_aranges  0x0000000000000000      0xca0
 .debug_aranges
                0x0000000000000000       0x50 build/gd32vf103_eclic.o
 .debug_aranges
                0x0000000000000050       0xa0 build/gd32vf103_gpio.o
 .debug_aranges
                0x00000000000000f0      0x160 build/gd32vf103_rcu.o
 .debug_aranges
                0x0000000000000250      0x128 build/gd32vf103_spi.o
 .debug_aranges
                0x0000000000000378      0x240 build/gd32vf103_timer.o
 .debug_aranges
                0x00000000000005b8      0x170 build/gd32vf103_usart.o
 .debug_aranges
                0x0000000000000728       0x28 build/system_gd32vf103.o
 .debug_aranges
                0x0000000000000750       0x20 build/_exit.o
 .debug_aranges
                0x0000000000000770       0x20 build/write_hex.o
 .debug_aranges
                0x0000000000000790      0x140 build/n200_func.o
 .debug_aranges
                0x00000000000008d0       0x28 build/handlers.o
 .debug_aranges
                0x00000000000008f8       0x28 build/init.o
 .debug_aranges
                0x0000000000000920       0x28 build/ds18b20.o
 .debug_aranges
                0x0000000000000948       0x30 build/eclicw.o
 .debug_aranges
                0x0000000000000978       0xf0 build/lcd.o
 .debug_aranges
                0x0000000000000a68       0x28 build/main.o
 .debug_aranges
                0x0000000000000a90       0x38 build/pwm.o
 .debug_aranges
                0x0000000000000ac8       0x38 build/usart.o
 .debug_aranges
                0x0000000000000b00       0x20 build/start.o
 .debug_aranges
                0x0000000000000b20       0x28 build/entry.o
 .debug_aranges
                0x0000000000000b48       0x20 build/drivers.o
 .debug_aranges
                0x0000000000000b68       0x20 build/switch1.o
 .debug_aranges
                0x0000000000000b88       0x20 c:/users/hanna/desktop/kth/he1041/toolchain-gd32v-v202-win/toolchain-gd32v-v202-win/compiler/bin/../lib/gcc/riscv64-unknown-elf/8.3.0/rv32imac/ilp32\libgcc.a(divdf3.o)
 .debug_aranges
                0x0000000000000ba8       0x20 c:/users/hanna/desktop/kth/he1041/toolchain-gd32v-v202-win/toolchain-gd32v-v202-win/compiler/bin/../lib/gcc/riscv64-unknown-elf/8.3.0/rv32imac/ilp32\libgcc.a(ledf2.o)
 .debug_aranges
                0x0000000000000bc8       0x20 c:/users/hanna/desktop/kth/he1041/toolchain-gd32v-v202-win/toolchain-gd32v-v202-win/compiler/bin/../lib/gcc/riscv64-unknown-elf/8.3.0/rv32imac/ilp32\libgcc.a(muldf3.o)
 .debug_aranges
                0x0000000000000be8       0x20 c:/users/hanna/desktop/kth/he1041/toolchain-gd32v-v202-win/toolchain-gd32v-v202-win/compiler/bin/../lib/gcc/riscv64-unknown-elf/8.3.0/rv32imac/ilp32\libgcc.a(floatunsidf.o)
 .debug_aranges
                0x0000000000000c08       0x20 c:/users/hanna/desktop/kth/he1041/toolchain-gd32v-v202-win/toolchain-gd32v-v202-win/compiler/bin/../lib/gcc/riscv64-unknown-elf/8.3.0/rv32imac/ilp32\libgcc.a(floatundidf.o)
 .debug_aranges
                0x0000000000000c28       0x20 c:/users/hanna/desktop/kth/he1041/toolchain-gd32v-v202-win/toolchain-gd32v-v202-win/compiler/bin/../lib/gcc/riscv64-unknown-elf/8.3.0/rv32imac/ilp32\libgcc.a(_lshrdi3.o)
 .debug_aranges
                0x0000000000000c48       0x20 c:/users/hanna/desktop/kth/he1041/toolchain-gd32v-v202-win/toolchain-gd32v-v202-win/compiler/bin/../lib/gcc/riscv64-unknown-elf/8.3.0/rv32imac/ilp32\libgcc.a(_ashldi3.o)
 .debug_aranges
                0x0000000000000c68       0x20 c:/users/hanna/desktop/kth/he1041/toolchain-gd32v-v202-win/toolchain-gd32v-v202-win/compiler/bin/../lib/gcc/riscv64-unknown-elf/8.3.0/rv32imac/ilp32\libgcc.a(_clzsi2.o)
 .debug_aranges
                0x0000000000000c88       0x18 c:/users/hanna/desktop/kth/he1041/toolchain-gd32v-v202-win/toolchain-gd32v-v202-win/compiler/bin/../lib/gcc/riscv64-unknown-elf/8.3.0/rv32imac/ilp32\libgcc.a(_clz.o)

.debug_ranges   0x0000000000000000     0x1130
 .debug_ranges  0x0000000000000000       0x40 build/gd32vf103_eclic.o
 .debug_ranges  0x0000000000000040       0x90 build/gd32vf103_gpio.o
 .debug_ranges  0x00000000000000d0      0x150 build/gd32vf103_rcu.o
 .debug_ranges  0x0000000000000220      0x118 build/gd32vf103_spi.o
 .debug_ranges  0x0000000000000338      0x270 build/gd32vf103_timer.o
 .debug_ranges  0x00000000000005a8      0x160 build/gd32vf103_usart.o
 .debug_ranges  0x0000000000000708       0x18 build/system_gd32vf103.o
 .debug_ranges  0x0000000000000720       0x10 build/_exit.o
 .debug_ranges  0x0000000000000730       0x30 build/write_hex.o
 .debug_ranges  0x0000000000000760      0x240 build/n200_func.o
 .debug_ranges  0x00000000000009a0       0x18 build/handlers.o
 .debug_ranges  0x00000000000009b8       0x18 build/init.o
 .debug_ranges  0x00000000000009d0       0x18 build/ds18b20.o
 .debug_ranges  0x00000000000009e8       0x20 build/eclicw.o
 .debug_ranges  0x0000000000000a08      0x1c8 build/lcd.o
 .debug_ranges  0x0000000000000bd0       0x58 build/main.o
 .debug_ranges  0x0000000000000c28       0x28 build/pwm.o
 .debug_ranges  0x0000000000000c50       0x28 build/usart.o
 .debug_ranges  0x0000000000000c78       0x20 build/entry.o
 .debug_ranges  0x0000000000000c98      0x180 c:/users/hanna/desktop/kth/he1041/toolchain-gd32v-v202-win/toolchain-gd32v-v202-win/compiler/bin/../lib/gcc/riscv64-unknown-elf/8.3.0/rv32imac/ilp32\libgcc.a(divdf3.o)
 .debug_ranges  0x0000000000000e18       0x68 c:/users/hanna/desktop/kth/he1041/toolchain-gd32v-v202-win/toolchain-gd32v-v202-win/compiler/bin/../lib/gcc/riscv64-unknown-elf/8.3.0/rv32imac/ilp32\libgcc.a(ledf2.o)
 .debug_ranges  0x0000000000000e80      0x1c0 c:/users/hanna/desktop/kth/he1041/toolchain-gd32v-v202-win/toolchain-gd32v-v202-win/compiler/bin/../lib/gcc/riscv64-unknown-elf/8.3.0/rv32imac/ilp32\libgcc.a(muldf3.o)
 .debug_ranges  0x0000000000001040       0x68 c:/users/hanna/desktop/kth/he1041/toolchain-gd32v-v202-win/toolchain-gd32v-v202-win/compiler/bin/../lib/gcc/riscv64-unknown-elf/8.3.0/rv32imac/ilp32\libgcc.a(floatunsidf.o)
 .debug_ranges  0x00000000000010a8       0x68 c:/users/hanna/desktop/kth/he1041/toolchain-gd32v-v202-win/toolchain-gd32v-v202-win/compiler/bin/../lib/gcc/riscv64-unknown-elf/8.3.0/rv32imac/ilp32\libgcc.a(floatundidf.o)
 .debug_ranges  0x0000000000001110       0x20 c:/users/hanna/desktop/kth/he1041/toolchain-gd32v-v202-win/toolchain-gd32v-v202-win/compiler/bin/../lib/gcc/riscv64-unknown-elf/8.3.0/rv32imac/ilp32\libgcc.a(_clzsi2.o)

.debug_line     0x0000000000000000    0x1058f
 .debug_line    0x0000000000000000      0x380 build/gd32vf103_eclic.o
 .debug_line    0x0000000000000380      0xb64 build/gd32vf103_gpio.o
 .debug_line    0x0000000000000ee4     0x1557 build/gd32vf103_rcu.o
 .debug_line    0x000000000000243b      0xe79 build/gd32vf103_spi.o
 .debug_line    0x00000000000032b4     0x2b43 build/gd32vf103_timer.o
 .debug_line    0x0000000000005df7      0xe66 build/gd32vf103_usart.o
 .debug_line    0x0000000000006c5d      0x6f9 build/system_gd32vf103.o
 .debug_line    0x0000000000007356      0x16a build/_exit.o
 .debug_line    0x00000000000074c0      0x281 build/write_hex.o
 .debug_line    0x0000000000007741     0x134d build/n200_func.o
 .debug_line    0x0000000000008a8e      0x2cf build/handlers.o
 .debug_line    0x0000000000008d5d      0x312 build/init.o
 .debug_line    0x000000000000906f      0x4c0 build/ds18b20.o
 .debug_line    0x000000000000952f      0x31d build/eclicw.o
 .debug_line    0x000000000000984c     0x1ef3 build/lcd.o
 .debug_line    0x000000000000b73f      0x4ea build/main.o
 .debug_line    0x000000000000bc29      0x5b7 build/pwm.o
 .debug_line    0x000000000000c1e0      0x531 build/usart.o
 .debug_line    0x000000000000c711      0x189 build/start.o
 .debug_line    0x000000000000c89a       0xe5 build/entry.o
 .debug_line    0x000000000000c97f      0x526 build/drivers.o
 .debug_line    0x000000000000cea5      0x1a2 build/switch1.o
 .debug_line    0x000000000000d047      0xe35 c:/users/hanna/desktop/kth/he1041/toolchain-gd32v-v202-win/toolchain-gd32v-v202-win/compiler/bin/../lib/gcc/riscv64-unknown-elf/8.3.0/rv32imac/ilp32\libgcc.a(divdf3.o)
 .debug_line    0x000000000000de7c      0x303 c:/users/hanna/desktop/kth/he1041/toolchain-gd32v-v202-win/toolchain-gd32v-v202-win/compiler/bin/../lib/gcc/riscv64-unknown-elf/8.3.0/rv32imac/ilp32\libgcc.a(ledf2.o)
 .debug_line    0x000000000000e17f      0xbf8 c:/users/hanna/desktop/kth/he1041/toolchain-gd32v-v202-win/toolchain-gd32v-v202-win/compiler/bin/../lib/gcc/riscv64-unknown-elf/8.3.0/rv32imac/ilp32\libgcc.a(muldf3.o)
 .debug_line    0x000000000000ed77      0x239 c:/users/hanna/desktop/kth/he1041/toolchain-gd32v-v202-win/toolchain-gd32v-v202-win/compiler/bin/../lib/gcc/riscv64-unknown-elf/8.3.0/rv32imac/ilp32\libgcc.a(floatunsidf.o)
 .debug_line    0x000000000000efb0      0x3f5 c:/users/hanna/desktop/kth/he1041/toolchain-gd32v-v202-win/toolchain-gd32v-v202-win/compiler/bin/../lib/gcc/riscv64-unknown-elf/8.3.0/rv32imac/ilp32\libgcc.a(floatundidf.o)
 .debug_line    0x000000000000f3a5      0x4c4 c:/users/hanna/desktop/kth/he1041/toolchain-gd32v-v202-win/toolchain-gd32v-v202-win/compiler/bin/../lib/gcc/riscv64-unknown-elf/8.3.0/rv32imac/ilp32\libgcc.a(_lshrdi3.o)
 .debug_line    0x000000000000f869      0x4c4 c:/users/hanna/desktop/kth/he1041/toolchain-gd32v-v202-win/toolchain-gd32v-v202-win/compiler/bin/../lib/gcc/riscv64-unknown-elf/8.3.0/rv32imac/ilp32\libgcc.a(_ashldi3.o)
 .debug_line    0x000000000000fd2d      0x472 c:/users/hanna/desktop/kth/he1041/toolchain-gd32v-v202-win/toolchain-gd32v-v202-win/compiler/bin/../lib/gcc/riscv64-unknown-elf/8.3.0/rv32imac/ilp32\libgcc.a(_clzsi2.o)
 .debug_line    0x000000000001019f      0x3f0 c:/users/hanna/desktop/kth/he1041/toolchain-gd32v-v202-win/toolchain-gd32v-v202-win/compiler/bin/../lib/gcc/riscv64-unknown-elf/8.3.0/rv32imac/ilp32\libgcc.a(_clz.o)

.debug_str      0x0000000000000000     0x4004
 .debug_str     0x0000000000000000      0x2cd build/gd32vf103_eclic.o
                                        0x32e (size before relaxing)
 .debug_str     0x00000000000002cd      0x3fc build/gd32vf103_gpio.o
                                        0x5d2 (size before relaxing)
 .debug_str     0x00000000000006c9      0xa92 build/gd32vf103_rcu.o
                                        0xe51 (size before relaxing)
 .debug_str     0x000000000000115b      0x3ae build/gd32vf103_spi.o
                                        0x79e (size before relaxing)
 .debug_str     0x0000000000001509      0xb14 build/gd32vf103_timer.o
                                        0xf16 (size before relaxing)
 .debug_str     0x000000000000201d      0x5a0 build/gd32vf103_usart.o
                                        0x999 (size before relaxing)
 .debug_str     0x00000000000025bd       0xa6 build/system_gd32vf103.o
                                        0x2a4 (size before relaxing)
 .debug_str     0x0000000000002663       0x68 build/_exit.o
                                        0x213 (size before relaxing)
 .debug_str     0x00000000000026cb       0x37 build/write_hex.o
                                        0x20c (size before relaxing)
 .debug_str     0x0000000000002702      0x6cd build/n200_func.o
                                        0x9b0 (size before relaxing)
 .debug_str     0x0000000000002dcf       0x58 build/handlers.o
                                        0x609 (size before relaxing)
 .debug_str     0x0000000000002e27      0x3e7 build/init.o
                                        0x9d9 (size before relaxing)
 .debug_str     0x000000000000320e       0x44 build/ds18b20.o
                                        0x5df (size before relaxing)
 .debug_str     0x0000000000003252       0x48 build/eclicw.o
                                        0x63b (size before relaxing)
 .debug_str     0x000000000000329a      0x24f build/lcd.o
                                        0xae0 (size before relaxing)
 .debug_str     0x00000000000034e9       0xab build/main.o
                                        0x6cf (size before relaxing)
 .debug_str     0x0000000000003594       0x6b build/pwm.o
                                        0x5a4 (size before relaxing)
 .debug_str     0x00000000000035ff       0x7f build/usart.o
                                        0x956 (size before relaxing)
 .debug_str     0x000000000000367e       0x37 build/start.o
                                         0xa0 (size before relaxing)
 .debug_str     0x00000000000036b5       0x2b build/entry.o
                                         0xa0 (size before relaxing)
 .debug_str     0x00000000000036e0        0xa build/drivers.o
                                         0x7f (size before relaxing)
 .debug_str     0x00000000000036ea        0xa build/switch1.o
                                         0x7f (size before relaxing)
 .debug_str     0x00000000000036f4      0x3c7 c:/users/hanna/desktop/kth/he1041/toolchain-gd32v-v202-win/toolchain-gd32v-v202-win/compiler/bin/../lib/gcc/riscv64-unknown-elf/8.3.0/rv32imac/ilp32\libgcc.a(divdf3.o)
                                        0x452 (size before relaxing)
 .debug_str     0x0000000000003abb       0x7b c:/users/hanna/desktop/kth/he1041/toolchain-gd32v-v202-win/toolchain-gd32v-v202-win/compiler/bin/../lib/gcc/riscv64-unknown-elf/8.3.0/rv32imac/ilp32\libgcc.a(ledf2.o)
                                        0x2ce (size before relaxing)
 .debug_str     0x0000000000003b36      0x15f c:/users/hanna/desktop/kth/he1041/toolchain-gd32v-v202-win/toolchain-gd32v-v202-win/compiler/bin/../lib/gcc/riscv64-unknown-elf/8.3.0/rv32imac/ilp32\libgcc.a(muldf3.o)
                                        0x4aa (size before relaxing)
 .debug_str     0x0000000000003c95       0xfd c:/users/hanna/desktop/kth/he1041/toolchain-gd32v-v202-win/toolchain-gd32v-v202-win/compiler/bin/../lib/gcc/riscv64-unknown-elf/8.3.0/rv32imac/ilp32\libgcc.a(floatunsidf.o)
                                        0x33a (size before relaxing)
 .debug_str     0x0000000000003d92       0x4c c:/users/hanna/desktop/kth/he1041/toolchain-gd32v-v202-win/toolchain-gd32v-v202-win/compiler/bin/../lib/gcc/riscv64-unknown-elf/8.3.0/rv32imac/ilp32\libgcc.a(floatundidf.o)
                                        0x344 (size before relaxing)
 .debug_str     0x0000000000003dde      0x20e c:/users/hanna/desktop/kth/he1041/toolchain-gd32v-v202-win/toolchain-gd32v-v202-win/compiler/bin/../lib/gcc/riscv64-unknown-elf/8.3.0/rv32imac/ilp32\libgcc.a(_lshrdi3.o)
                                        0x860 (size before relaxing)
 .debug_str     0x0000000000003fec        0xa c:/users/hanna/desktop/kth/he1041/toolchain-gd32v-v202-win/toolchain-gd32v-v202-win/compiler/bin/../lib/gcc/riscv64-unknown-elf/8.3.0/rv32imac/ilp32\libgcc.a(_ashldi3.o)
                                        0x860 (size before relaxing)
 .debug_str     0x0000000000003ff6        0xe c:/users/hanna/desktop/kth/he1041/toolchain-gd32v-v202-win/toolchain-gd32v-v202-win/compiler/bin/../lib/gcc/riscv64-unknown-elf/8.3.0/rv32imac/ilp32\libgcc.a(_clzsi2.o)
                                        0x82e (size before relaxing)
 .debug_str     0x0000000000004004      0x811 c:/users/hanna/desktop/kth/he1041/toolchain-gd32v-v202-win/toolchain-gd32v-v202-win/compiler/bin/../lib/gcc/riscv64-unknown-elf/8.3.0/rv32imac/ilp32\libgcc.a(_clz.o)

.comment        0x0000000000000000       0x28
 .comment       0x0000000000000000       0x28 build/gd32vf103_eclic.o
                                         0x29 (size before relaxing)
 .comment       0x0000000000000028       0x29 build/gd32vf103_gpio.o
 .comment       0x0000000000000028       0x29 build/gd32vf103_rcu.o
 .comment       0x0000000000000028       0x29 build/gd32vf103_spi.o
 .comment       0x0000000000000028       0x29 build/gd32vf103_timer.o
 .comment       0x0000000000000028       0x29 build/gd32vf103_usart.o
 .comment       0x0000000000000028       0x29 build/system_gd32vf103.o
 .comment       0x0000000000000028       0x29 build/_exit.o
 .comment       0x0000000000000028       0x29 build/write_hex.o
 .comment       0x0000000000000028       0x29 build/n200_func.o
 .comment       0x0000000000000028       0x29 build/handlers.o
 .comment       0x0000000000000028       0x29 build/init.o
 .comment       0x0000000000000028       0x29 build/ds18b20.o
 .comment       0x0000000000000028       0x29 build/eclicw.o
 .comment       0x0000000000000028       0x29 build/lcd.o
 .comment       0x0000000000000028       0x29 build/main.o
 .comment       0x0000000000000028       0x29 build/pwm.o
 .comment       0x0000000000000028       0x29 build/usart.o
 .comment       0x0000000000000028       0x29 c:/users/hanna/desktop/kth/he1041/toolchain-gd32v-v202-win/toolchain-gd32v-v202-win/compiler/bin/../lib/gcc/riscv64-unknown-elf/8.3.0/rv32imac/ilp32\libgcc.a(divdf3.o)
 .comment       0x0000000000000028       0x29 c:/users/hanna/desktop/kth/he1041/toolchain-gd32v-v202-win/toolchain-gd32v-v202-win/compiler/bin/../lib/gcc/riscv64-unknown-elf/8.3.0/rv32imac/ilp32\libgcc.a(ledf2.o)
 .comment       0x0000000000000028       0x29 c:/users/hanna/desktop/kth/he1041/toolchain-gd32v-v202-win/toolchain-gd32v-v202-win/compiler/bin/../lib/gcc/riscv64-unknown-elf/8.3.0/rv32imac/ilp32\libgcc.a(muldf3.o)
 .comment       0x0000000000000028       0x29 c:/users/hanna/desktop/kth/he1041/toolchain-gd32v-v202-win/toolchain-gd32v-v202-win/compiler/bin/../lib/gcc/riscv64-unknown-elf/8.3.0/rv32imac/ilp32\libgcc.a(floatunsidf.o)
 .comment       0x0000000000000028       0x29 c:/users/hanna/desktop/kth/he1041/toolchain-gd32v-v202-win/toolchain-gd32v-v202-win/compiler/bin/../lib/gcc/riscv64-unknown-elf/8.3.0/rv32imac/ilp32\libgcc.a(floatundidf.o)
 .comment       0x0000000000000028       0x29 c:/users/hanna/desktop/kth/he1041/toolchain-gd32v-v202-win/toolchain-gd32v-v202-win/compiler/bin/../lib/gcc/riscv64-unknown-elf/8.3.0/rv32imac/ilp32\libgcc.a(_lshrdi3.o)
 .comment       0x0000000000000028       0x29 c:/users/hanna/desktop/kth/he1041/toolchain-gd32v-v202-win/toolchain-gd32v-v202-win/compiler/bin/../lib/gcc/riscv64-unknown-elf/8.3.0/rv32imac/ilp32\libgcc.a(_ashldi3.o)
 .comment       0x0000000000000028       0x29 c:/users/hanna/desktop/kth/he1041/toolchain-gd32v-v202-win/toolchain-gd32v-v202-win/compiler/bin/../lib/gcc/riscv64-unknown-elf/8.3.0/rv32imac/ilp32\libgcc.a(_clzsi2.o)
 .comment       0x0000000000000028       0x29 c:/users/hanna/desktop/kth/he1041/toolchain-gd32v-v202-win/toolchain-gd32v-v202-win/compiler/bin/../lib/gcc/riscv64-unknown-elf/8.3.0/rv32imac/ilp32\libgcc.a(_clz.o)
 .comment       0x0000000000000028       0x29 c:/users/hanna/desktop/kth/he1041/toolchain-gd32v-v202-win/toolchain-gd32v-v202-win/compiler/bin/../lib/gcc/riscv64-unknown-elf/8.3.0/../../../../riscv64-unknown-elf/lib/rv32imac/ilp32\libc_nano.a(lib_a-atexit.o)
 .comment       0x0000000000000028       0x29 c:/users/hanna/desktop/kth/he1041/toolchain-gd32v-v202-win/toolchain-gd32v-v202-win/compiler/bin/../lib/gcc/riscv64-unknown-elf/8.3.0/../../../../riscv64-unknown-elf/lib/rv32imac/ilp32\libc_nano.a(lib_a-exit.o)
 .comment       0x0000000000000028       0x29 c:/users/hanna/desktop/kth/he1041/toolchain-gd32v-v202-win/toolchain-gd32v-v202-win/compiler/bin/../lib/gcc/riscv64-unknown-elf/8.3.0/../../../../riscv64-unknown-elf/lib/rv32imac/ilp32\libc_nano.a(lib_a-fini.o)
 .comment       0x0000000000000028       0x29 c:/users/hanna/desktop/kth/he1041/toolchain-gd32v-v202-win/toolchain-gd32v-v202-win/compiler/bin/../lib/gcc/riscv64-unknown-elf/8.3.0/../../../../riscv64-unknown-elf/lib/rv32imac/ilp32\libc_nano.a(lib_a-impure.o)
 .comment       0x0000000000000028       0x29 c:/users/hanna/desktop/kth/he1041/toolchain-gd32v-v202-win/toolchain-gd32v-v202-win/compiler/bin/../lib/gcc/riscv64-unknown-elf/8.3.0/../../../../riscv64-unknown-elf/lib/rv32imac/ilp32\libc_nano.a(lib_a-init.o)
 .comment       0x0000000000000028       0x29 c:/users/hanna/desktop/kth/he1041/toolchain-gd32v-v202-win/toolchain-gd32v-v202-win/compiler/bin/../lib/gcc/riscv64-unknown-elf/8.3.0/../../../../riscv64-unknown-elf/lib/rv32imac/ilp32\libc_nano.a(lib_a-syswrite.o)
 .comment       0x0000000000000028       0x29 c:/users/hanna/desktop/kth/he1041/toolchain-gd32v-v202-win/toolchain-gd32v-v202-win/compiler/bin/../lib/gcc/riscv64-unknown-elf/8.3.0/../../../../riscv64-unknown-elf/lib/rv32imac/ilp32\libc_nano.a(lib_a-writer.o)
 .comment       0x0000000000000028       0x29 c:/users/hanna/desktop/kth/he1041/toolchain-gd32v-v202-win/toolchain-gd32v-v202-win/compiler/bin/../lib/gcc/riscv64-unknown-elf/8.3.0/../../../../riscv64-unknown-elf/lib/rv32imac/ilp32\libc_nano.a(lib_a-__atexit.o)
 .comment       0x0000000000000028       0x29 c:/users/hanna/desktop/kth/he1041/toolchain-gd32v-v202-win/toolchain-gd32v-v202-win/compiler/bin/../lib/gcc/riscv64-unknown-elf/8.3.0/../../../../riscv64-unknown-elf/lib/rv32imac/ilp32\libc_nano.a(lib_a-__call_atexit.o)
 .comment       0x0000000000000028       0x29 c:/users/hanna/desktop/kth/he1041/toolchain-gd32v-v202-win/toolchain-gd32v-v202-win/compiler/bin/../lib/gcc/riscv64-unknown-elf/8.3.0/../../../../riscv64-unknown-elf/lib/rv32imac/ilp32\libc_nano.a(lib_a-reent.o)
 .comment       0x0000000000000028       0x29 c:/users/hanna/desktop/kth/he1041/toolchain-gd32v-v202-win/toolchain-gd32v-v202-win/compiler/bin/../lib/gcc/riscv64-unknown-elf/8.3.0/../../../../riscv64-unknown-elf/lib/rv32imac/ilp32\libgloss_nano.a(sys_write.o)
 .comment       0x0000000000000028       0x29 c:/users/hanna/desktop/kth/he1041/toolchain-gd32v-v202-win/toolchain-gd32v-v202-win/compiler/bin/../lib/gcc/riscv64-unknown-elf/8.3.0/../../../../riscv64-unknown-elf/lib/rv32imac/ilp32\libc_nano.a(lib_a-errno.o)

.riscv.attributes
                0x0000000000000000       0x2b
 .riscv.attributes
                0x0000000000000000       0x2b build/gd32vf103_eclic.o
 .riscv.attributes
                0x000000000000002b       0x2b build/gd32vf103_gpio.o
 .riscv.attributes
                0x0000000000000056       0x2b build/gd32vf103_rcu.o
 .riscv.attributes
                0x0000000000000081       0x2b build/gd32vf103_spi.o
 .riscv.attributes
                0x00000000000000ac       0x2b build/gd32vf103_timer.o
 .riscv.attributes
                0x00000000000000d7       0x2b build/gd32vf103_usart.o
 .riscv.attributes
                0x0000000000000102       0x2b build/system_gd32vf103.o
 .riscv.attributes
                0x000000000000012d       0x2b build/_exit.o
 .riscv.attributes
                0x0000000000000158       0x2b build/write_hex.o
 .riscv.attributes
                0x0000000000000183       0x2b build/n200_func.o
 .riscv.attributes
                0x00000000000001ae       0x2b build/handlers.o
 .riscv.attributes
                0x00000000000001d9       0x2b build/init.o
 .riscv.attributes
                0x0000000000000204       0x2b build/ds18b20.o
 .riscv.attributes
                0x000000000000022f       0x2b build/eclicw.o
 .riscv.attributes
                0x000000000000025a       0x2b build/lcd.o
 .riscv.attributes
                0x0000000000000285       0x2b build/main.o
 .riscv.attributes
                0x00000000000002b0       0x2b build/pwm.o
 .riscv.attributes
                0x00000000000002db       0x2b build/usart.o
 .riscv.attributes
                0x0000000000000306       0x29 build/start.o
 .riscv.attributes
                0x000000000000032f       0x29 build/entry.o
 .riscv.attributes
                0x0000000000000358       0x29 build/drivers.o
 .riscv.attributes
                0x0000000000000381       0x29 build/switch1.o
 .riscv.attributes
                0x00000000000003aa       0x2b c:/users/hanna/desktop/kth/he1041/toolchain-gd32v-v202-win/toolchain-gd32v-v202-win/compiler/bin/../lib/gcc/riscv64-unknown-elf/8.3.0/rv32imac/ilp32\libgcc.a(divdf3.o)
 .riscv.attributes
                0x00000000000003d5       0x2b c:/users/hanna/desktop/kth/he1041/toolchain-gd32v-v202-win/toolchain-gd32v-v202-win/compiler/bin/../lib/gcc/riscv64-unknown-elf/8.3.0/rv32imac/ilp32\libgcc.a(ledf2.o)
 .riscv.attributes
                0x0000000000000400       0x2b c:/users/hanna/desktop/kth/he1041/toolchain-gd32v-v202-win/toolchain-gd32v-v202-win/compiler/bin/../lib/gcc/riscv64-unknown-elf/8.3.0/rv32imac/ilp32\libgcc.a(muldf3.o)
 .riscv.attributes
                0x000000000000042b       0x2b c:/users/hanna/desktop/kth/he1041/toolchain-gd32v-v202-win/toolchain-gd32v-v202-win/compiler/bin/../lib/gcc/riscv64-unknown-elf/8.3.0/rv32imac/ilp32\libgcc.a(floatunsidf.o)
 .riscv.attributes
                0x0000000000000456       0x2b c:/users/hanna/desktop/kth/he1041/toolchain-gd32v-v202-win/toolchain-gd32v-v202-win/compiler/bin/../lib/gcc/riscv64-unknown-elf/8.3.0/rv32imac/ilp32\libgcc.a(floatundidf.o)
 .riscv.attributes
                0x0000000000000481       0x2b c:/users/hanna/desktop/kth/he1041/toolchain-gd32v-v202-win/toolchain-gd32v-v202-win/compiler/bin/../lib/gcc/riscv64-unknown-elf/8.3.0/rv32imac/ilp32\libgcc.a(_lshrdi3.o)
 .riscv.attributes
                0x00000000000004ac       0x2b c:/users/hanna/desktop/kth/he1041/toolchain-gd32v-v202-win/toolchain-gd32v-v202-win/compiler/bin/../lib/gcc/riscv64-unknown-elf/8.3.0/rv32imac/ilp32\libgcc.a(_ashldi3.o)
 .riscv.attributes
                0x00000000000004d7       0x2b c:/users/hanna/desktop/kth/he1041/toolchain-gd32v-v202-win/toolchain-gd32v-v202-win/compiler/bin/../lib/gcc/riscv64-unknown-elf/8.3.0/rv32imac/ilp32\libgcc.a(_clzsi2.o)
 .riscv.attributes
                0x0000000000000502       0x2b c:/users/hanna/desktop/kth/he1041/toolchain-gd32v-v202-win/toolchain-gd32v-v202-win/compiler/bin/../lib/gcc/riscv64-unknown-elf/8.3.0/rv32imac/ilp32\libgcc.a(_clz.o)
 .riscv.attributes
                0x000000000000052d       0x2b c:/users/hanna/desktop/kth/he1041/toolchain-gd32v-v202-win/toolchain-gd32v-v202-win/compiler/bin/../lib/gcc/riscv64-unknown-elf/8.3.0/../../../../riscv64-unknown-elf/lib/rv32imac/ilp32\libc_nano.a(lib_a-atexit.o)
 .riscv.attributes
                0x0000000000000558       0x2b c:/users/hanna/desktop/kth/he1041/toolchain-gd32v-v202-win/toolchain-gd32v-v202-win/compiler/bin/../lib/gcc/riscv64-unknown-elf/8.3.0/../../../../riscv64-unknown-elf/lib/rv32imac/ilp32\libc_nano.a(lib_a-exit.o)
 .riscv.attributes
                0x0000000000000583       0x2b c:/users/hanna/desktop/kth/he1041/toolchain-gd32v-v202-win/toolchain-gd32v-v202-win/compiler/bin/../lib/gcc/riscv64-unknown-elf/8.3.0/../../../../riscv64-unknown-elf/lib/rv32imac/ilp32\libc_nano.a(lib_a-fini.o)
 .riscv.attributes
                0x00000000000005ae       0x2b c:/users/hanna/desktop/kth/he1041/toolchain-gd32v-v202-win/toolchain-gd32v-v202-win/compiler/bin/../lib/gcc/riscv64-unknown-elf/8.3.0/../../../../riscv64-unknown-elf/lib/rv32imac/ilp32\libc_nano.a(lib_a-impure.o)
 .riscv.attributes
                0x00000000000005d9       0x2b c:/users/hanna/desktop/kth/he1041/toolchain-gd32v-v202-win/toolchain-gd32v-v202-win/compiler/bin/../lib/gcc/riscv64-unknown-elf/8.3.0/../../../../riscv64-unknown-elf/lib/rv32imac/ilp32\libc_nano.a(lib_a-init.o)
 .riscv.attributes
                0x0000000000000604       0x29 c:/users/hanna/desktop/kth/he1041/toolchain-gd32v-v202-win/toolchain-gd32v-v202-win/compiler/bin/../lib/gcc/riscv64-unknown-elf/8.3.0/../../../../riscv64-unknown-elf/lib/rv32imac/ilp32\libc_nano.a(lib_a-memcpy-asm.o)
 .riscv.attributes
                0x000000000000062d       0x2b c:/users/hanna/desktop/kth/he1041/toolchain-gd32v-v202-win/toolchain-gd32v-v202-win/compiler/bin/../lib/gcc/riscv64-unknown-elf/8.3.0/../../../../riscv64-unknown-elf/lib/rv32imac/ilp32\libc_nano.a(lib_a-syswrite.o)
 .riscv.attributes
                0x0000000000000658       0x2b c:/users/hanna/desktop/kth/he1041/toolchain-gd32v-v202-win/toolchain-gd32v-v202-win/compiler/bin/../lib/gcc/riscv64-unknown-elf/8.3.0/../../../../riscv64-unknown-elf/lib/rv32imac/ilp32\libc_nano.a(lib_a-writer.o)
 .riscv.attributes
                0x0000000000000683       0x2b c:/users/hanna/desktop/kth/he1041/toolchain-gd32v-v202-win/toolchain-gd32v-v202-win/compiler/bin/../lib/gcc/riscv64-unknown-elf/8.3.0/../../../../riscv64-unknown-elf/lib/rv32imac/ilp32\libc_nano.a(lib_a-__atexit.o)
 .riscv.attributes
                0x00000000000006ae       0x2b c:/users/hanna/desktop/kth/he1041/toolchain-gd32v-v202-win/toolchain-gd32v-v202-win/compiler/bin/../lib/gcc/riscv64-unknown-elf/8.3.0/../../../../riscv64-unknown-elf/lib/rv32imac/ilp32\libc_nano.a(lib_a-__call_atexit.o)
 .riscv.attributes
                0x00000000000006d9       0x2b c:/users/hanna/desktop/kth/he1041/toolchain-gd32v-v202-win/toolchain-gd32v-v202-win/compiler/bin/../lib/gcc/riscv64-unknown-elf/8.3.0/../../../../riscv64-unknown-elf/lib/rv32imac/ilp32\libc_nano.a(lib_a-reent.o)
 .riscv.attributes
                0x0000000000000704       0x2b c:/users/hanna/desktop/kth/he1041/toolchain-gd32v-v202-win/toolchain-gd32v-v202-win/compiler/bin/../lib/gcc/riscv64-unknown-elf/8.3.0/../../../../riscv64-unknown-elf/lib/rv32imac/ilp32\libgloss_nano.a(sys_write.o)
 .riscv.attributes
                0x000000000000072f       0x2b c:/users/hanna/desktop/kth/he1041/toolchain-gd32v-v202-win/toolchain-gd32v-v202-win/compiler/bin/../lib/gcc/riscv64-unknown-elf/8.3.0/../../../../riscv64-unknown-elf/lib/rv32imac/ilp32\libc_nano.a(lib_a-errno.o)

.debug_frame    0x0000000000000000     0x1d60
 .debug_frame   0x0000000000000000       0x90 build/gd32vf103_eclic.o
 .debug_frame   0x0000000000000090      0x144 build/gd32vf103_gpio.o
 .debug_frame   0x00000000000001d4      0x2e8 build/gd32vf103_rcu.o
 .debug_frame   0x00000000000004bc      0x260 build/gd32vf103_spi.o
 .debug_frame   0x000000000000071c      0x504 build/gd32vf103_timer.o
 .debug_frame   0x0000000000000c20      0x2f0 build/gd32vf103_usart.o
 .debug_frame   0x0000000000000f10       0x30 build/system_gd32vf103.o
 .debug_frame   0x0000000000000f40       0x2c build/_exit.o
 .debug_frame   0x0000000000000f6c       0x50 build/write_hex.o
 .debug_frame   0x0000000000000fbc      0x2dc build/n200_func.o
 .debug_frame   0x0000000000001298       0x44 build/handlers.o
 .debug_frame   0x00000000000012dc       0x3c build/init.o
 .debug_frame   0x0000000000001318       0x68 build/ds18b20.o
 .debug_frame   0x0000000000001380      0x114 build/eclicw.o
 .debug_frame   0x0000000000001494      0x560 build/lcd.o
 .debug_frame   0x00000000000019f4       0x64 build/main.o
 .debug_frame   0x0000000000001a58       0x9c build/pwm.o
 .debug_frame   0x0000000000001af4       0xcc build/usart.o
 .debug_frame   0x0000000000001bc0       0x54 c:/users/hanna/desktop/kth/he1041/toolchain-gd32v-v202-win/toolchain-gd32v-v202-win/compiler/bin/../lib/gcc/riscv64-unknown-elf/8.3.0/rv32imac/ilp32\libgcc.a(divdf3.o)
 .debug_frame   0x0000000000001c14       0x20 c:/users/hanna/desktop/kth/he1041/toolchain-gd32v-v202-win/toolchain-gd32v-v202-win/compiler/bin/../lib/gcc/riscv64-unknown-elf/8.3.0/rv32imac/ilp32\libgcc.a(ledf2.o)
 .debug_frame   0x0000000000001c34       0x54 c:/users/hanna/desktop/kth/he1041/toolchain-gd32v-v202-win/toolchain-gd32v-v202-win/compiler/bin/../lib/gcc/riscv64-unknown-elf/8.3.0/rv32imac/ilp32\libgcc.a(muldf3.o)
 .debug_frame   0x0000000000001c88       0x34 c:/users/hanna/desktop/kth/he1041/toolchain-gd32v-v202-win/toolchain-gd32v-v202-win/compiler/bin/../lib/gcc/riscv64-unknown-elf/8.3.0/rv32imac/ilp32\libgcc.a(floatunsidf.o)
 .debug_frame   0x0000000000001cbc       0x44 c:/users/hanna/desktop/kth/he1041/toolchain-gd32v-v202-win/toolchain-gd32v-v202-win/compiler/bin/../lib/gcc/riscv64-unknown-elf/8.3.0/rv32imac/ilp32\libgcc.a(floatundidf.o)
 .debug_frame   0x0000000000001d00       0x20 c:/users/hanna/desktop/kth/he1041/toolchain-gd32v-v202-win/toolchain-gd32v-v202-win/compiler/bin/../lib/gcc/riscv64-unknown-elf/8.3.0/rv32imac/ilp32\libgcc.a(_lshrdi3.o)
 .debug_frame   0x0000000000001d20       0x20 c:/users/hanna/desktop/kth/he1041/toolchain-gd32v-v202-win/toolchain-gd32v-v202-win/compiler/bin/../lib/gcc/riscv64-unknown-elf/8.3.0/rv32imac/ilp32\libgcc.a(_ashldi3.o)
 .debug_frame   0x0000000000001d40       0x20 c:/users/hanna/desktop/kth/he1041/toolchain-gd32v-v202-win/toolchain-gd32v-v202-win/compiler/bin/../lib/gcc/riscv64-unknown-elf/8.3.0/rv32imac/ilp32\libgcc.a(_clzsi2.o)

Cross Reference Table

Symbol                                            File
ADC0_1_IRQHandler                                 build/start.o
BACK_COLOR                                        build/lcd.o
CAN0_EWMC_IRQHandler                              build/start.o
CAN0_RX0_IRQHandler                               build/start.o
CAN0_RX1_IRQHandler                               build/start.o
CAN0_TX_IRQHandler                                build/start.o
CAN1_EWMC_IRQHandler                              build/start.o
CAN1_RX0_IRQHandler                               build/start.o
CAN1_RX1_IRQHandler                               build/start.o
CAN1_TX_IRQHandler                                build/start.o
DMA0_Channel0_IRQHandler                          build/start.o
DMA0_Channel1_IRQHandler                          build/start.o
DMA0_Channel2_IRQHandler                          build/start.o
DMA0_Channel3_IRQHandler                          build/start.o
DMA0_Channel4_IRQHandler                          build/start.o
DMA0_Channel5_IRQHandler                          build/start.o
DMA0_Channel6_IRQHandler                          build/start.o
DMA1_Channel0_IRQHandler                          build/start.o
DMA1_Channel1_IRQHandler                          build/start.o
DMA1_Channel2_IRQHandler                          build/start.o
DMA1_Channel3_IRQHandler                          build/start.o
DMA1_Channel4_IRQHandler                          build/start.o
Draw_Circle                                       build/lcd.o
EXMC_IRQHandler                                   build/start.o
EXTI0_IRQHandler                                  build/start.o
EXTI10_15_IRQHandler                              build/start.o
EXTI1_IRQHandler                                  build/start.o
EXTI2_IRQHandler                                  build/start.o
EXTI3_IRQHandler                                  build/start.o
EXTI4_IRQHandler                                  build/start.o
EXTI5_9_IRQHandler                                build/start.o
FMC_IRQHandler                                    build/start.o
Hzk16                                             build/lcd.o
Hzk32                                             build/lcd.o
I2C0_ER_IRQHandler                                build/start.o
I2C0_EV_IRQHandler                                build/start.o
I2C1_ER_IRQHandler                                build/start.o
I2C1_EV_IRQHandler                                build/start.o
LCD_Address_Set                                   build/lcd.o
LCD_Clear                                         build/lcd.o
                                                  build/main.o
LCD_DrawLine                                      build/lcd.o
LCD_DrawPoint                                     build/lcd.o
LCD_DrawPoint_big                                 build/lcd.o
LCD_DrawRectangle                                 build/lcd.o
LCD_Fill                                          build/lcd.o
LCD_ShowChar                                      build/lcd.o
LCD_ShowChinese                                   build/lcd.o
LCD_ShowNum                                       build/lcd.o
                                                  build/main.o
LCD_ShowNum1                                      build/lcd.o
LCD_ShowPicture                                   build/lcd.o
LCD_ShowStr                                       build/lcd.o
LCD_ShowString                                    build/lcd.o
                                                  build/main.o
LCD_WR_DATA                                       build/lcd.o
LCD_WR_DATA8                                      build/lcd.o
LCD_WR_Queue                                      build/lcd.o
                                                  build/main.o
LCD_WR_REG                                        build/lcd.o
LCD_Wait_On_Queue                                 build/lcd.o
LCD_Writ_Bus                                      build/lcd.o
LCD_Write_Bus                                     build/lcd.o
LVD_IRQHandler                                    build/start.o
Lcd_Init                                          build/lcd.o
                                                  build/main.o
Lcd_SetType                                       build/lcd.o
                                                  build/main.o
RCU_IRQHandler                                    build/start.o
RTC_Alarm_IRQHandler                              build/start.o
RTC_IRQHandler                                    build/start.o
SPI0_IRQHandler                                   build/start.o
SPI1_IRQHandler                                   build/start.o
SPI2_IRQHandler                                   build/start.o
SystemCoreClock                                   build/system_gd32vf103.o
                                                  build/lcd.o
                                                  build/n200_func.o
SystemCoreClockUpdate                             build/system_gd32vf103.o
SystemInit                                        build/system_gd32vf103.o
                                                  build/init.o
T2setLEDPercent                                   build/pwm.o
T2setPWMch2                                       build/pwm.o
T2setPWMmotorB                                    build/pwm.o
TAMPER_IRQHandler                                 build/start.o
TIMER0_BRK_IRQHandler                             build/start.o
TIMER0_Channel_IRQHandler                         build/start.o
TIMER0_TRG_CMT_IRQHandler                         build/start.o
TIMER0_UP_IRQHandler                              build/start.o
TIMER1_IRQHandler                                 build/start.o
TIMER2_IRQHandler                                 build/start.o
TIMER3_IRQHandler                                 build/start.o
TIMER4_IRQHandler                                 build/start.o
TIMER5_IRQHandler                                 build/start.o
TIMER6_IRQHandler                                 build/start.o
TpowerUpInitPWM                                   build/pwm.o
                                                  build/main.o
UART3_IRQHandler                                  build/start.o
UART4_IRQHandler                                  build/start.o
USART0_IRQHandler                                 build/eclicw.o
                                                  build/start.o
USART1_IRQHandler                                 build/start.o
USART2_IRQHandler                                 build/start.o
USBFS_IRQHandler                                  build/start.o
USBFS_WKUP_IRQHandler                             build/start.o
WWDGT_IRQHandler                                  build/start.o
__ashldi3                                         c:/users/hanna/desktop/kth/he1041/toolchain-gd32v-v202-win/toolchain-gd32v-v202-win/compiler/bin/../lib/gcc/riscv64-unknown-elf/8.3.0/rv32imac/ilp32\libgcc.a(_ashldi3.o)
                                                  c:/users/hanna/desktop/kth/he1041/toolchain-gd32v-v202-win/toolchain-gd32v-v202-win/compiler/bin/../lib/gcc/riscv64-unknown-elf/8.3.0/rv32imac/ilp32\libgcc.a(floatundidf.o)
__atexit_dummy                                    c:/users/hanna/desktop/kth/he1041/toolchain-gd32v-v202-win/toolchain-gd32v-v202-win/compiler/bin/../lib/gcc/riscv64-unknown-elf/8.3.0/../../../../riscv64-unknown-elf/lib/rv32imac/ilp32\libc_nano.a(lib_a-__atexit.o)
__bss_start                                       build/start.o
__call_exitprocs                                  c:/users/hanna/desktop/kth/he1041/toolchain-gd32v-v202-win/toolchain-gd32v-v202-win/compiler/bin/../lib/gcc/riscv64-unknown-elf/8.3.0/../../../../riscv64-unknown-elf/lib/rv32imac/ilp32\libc_nano.a(lib_a-__call_atexit.o)
                                                  c:/users/hanna/desktop/kth/he1041/toolchain-gd32v-v202-win/toolchain-gd32v-v202-win/compiler/bin/../lib/gcc/riscv64-unknown-elf/8.3.0/../../../../riscv64-unknown-elf/lib/rv32imac/ilp32\libc_nano.a(lib_a-__atexit.o)
                                                  c:/users/hanna/desktop/kth/he1041/toolchain-gd32v-v202-win/toolchain-gd32v-v202-win/compiler/bin/../lib/gcc/riscv64-unknown-elf/8.3.0/../../../../riscv64-unknown-elf/lib/rv32imac/ilp32\libc_nano.a(lib_a-exit.o)
__clz_tab                                         c:/users/hanna/desktop/kth/he1041/toolchain-gd32v-v202-win/toolchain-gd32v-v202-win/compiler/bin/../lib/gcc/riscv64-unknown-elf/8.3.0/rv32imac/ilp32\libgcc.a(_clz.o)
                                                  c:/users/hanna/desktop/kth/he1041/toolchain-gd32v-v202-win/toolchain-gd32v-v202-win/compiler/bin/../lib/gcc/riscv64-unknown-elf/8.3.0/rv32imac/ilp32\libgcc.a(_clzsi2.o)
__clzsi2                                          c:/users/hanna/desktop/kth/he1041/toolchain-gd32v-v202-win/toolchain-gd32v-v202-win/compiler/bin/../lib/gcc/riscv64-unknown-elf/8.3.0/rv32imac/ilp32\libgcc.a(_clzsi2.o)
                                                  c:/users/hanna/desktop/kth/he1041/toolchain-gd32v-v202-win/toolchain-gd32v-v202-win/compiler/bin/../lib/gcc/riscv64-unknown-elf/8.3.0/rv32imac/ilp32\libgcc.a(mulsf3.o)
                                                  c:/users/hanna/desktop/kth/he1041/toolchain-gd32v-v202-win/toolchain-gd32v-v202-win/compiler/bin/../lib/gcc/riscv64-unknown-elf/8.3.0/rv32imac/ilp32\libgcc.a(floatundidf.o)
                                                  c:/users/hanna/desktop/kth/he1041/toolchain-gd32v-v202-win/toolchain-gd32v-v202-win/compiler/bin/../lib/gcc/riscv64-unknown-elf/8.3.0/rv32imac/ilp32\libgcc.a(floatunsidf.o)
                                                  c:/users/hanna/desktop/kth/he1041/toolchain-gd32v-v202-win/toolchain-gd32v-v202-win/compiler/bin/../lib/gcc/riscv64-unknown-elf/8.3.0/rv32imac/ilp32\libgcc.a(floatsidf.o)
                                                  c:/users/hanna/desktop/kth/he1041/toolchain-gd32v-v202-win/toolchain-gd32v-v202-win/compiler/bin/../lib/gcc/riscv64-unknown-elf/8.3.0/rv32imac/ilp32\libgcc.a(muldf3.o)
                                                  c:/users/hanna/desktop/kth/he1041/toolchain-gd32v-v202-win/toolchain-gd32v-v202-win/compiler/bin/../lib/gcc/riscv64-unknown-elf/8.3.0/rv32imac/ilp32\libgcc.a(divdf3.o)
__divdf3                                          c:/users/hanna/desktop/kth/he1041/toolchain-gd32v-v202-win/toolchain-gd32v-v202-win/compiler/bin/../lib/gcc/riscv64-unknown-elf/8.3.0/rv32imac/ilp32\libgcc.a(divdf3.o)
                                                  build/pwm.o
                                                  build/lcd.o
__errno                                           c:/users/hanna/desktop/kth/he1041/toolchain-gd32v-v202-win/toolchain-gd32v-v202-win/compiler/bin/../lib/gcc/riscv64-unknown-elf/8.3.0/../../../../riscv64-unknown-elf/lib/rv32imac/ilp32\libc_nano.a(lib_a-errno.o)
                                                  c:/users/hanna/desktop/kth/he1041/toolchain-gd32v-v202-win/toolchain-gd32v-v202-win/compiler/bin/../lib/gcc/riscv64-unknown-elf/8.3.0/../../../../riscv64-unknown-elf/lib/rv32imac/ilp32\libgloss_nano.a(sys_write.o)
__fini_array_end                                  c:/users/hanna/desktop/kth/he1041/toolchain-gd32v-v202-win/toolchain-gd32v-v202-win/compiler/bin/../lib/gcc/riscv64-unknown-elf/8.3.0/../../../../riscv64-unknown-elf/lib/rv32imac/ilp32\libc_nano.a(lib_a-fini.o)
__fini_array_start                                c:/users/hanna/desktop/kth/he1041/toolchain-gd32v-v202-win/toolchain-gd32v-v202-win/compiler/bin/../lib/gcc/riscv64-unknown-elf/8.3.0/../../../../riscv64-unknown-elf/lib/rv32imac/ilp32\libc_nano.a(lib_a-fini.o)
__fixunsdfsi                                      c:/users/hanna/desktop/kth/he1041/toolchain-gd32v-v202-win/toolchain-gd32v-v202-win/compiler/bin/../lib/gcc/riscv64-unknown-elf/8.3.0/rv32imac/ilp32\libgcc.a(fixunsdfsi.o)
                                                  build/pwm.o
__fixunssfsi                                      c:/users/hanna/desktop/kth/he1041/toolchain-gd32v-v202-win/toolchain-gd32v-v202-win/compiler/bin/../lib/gcc/riscv64-unknown-elf/8.3.0/rv32imac/ilp32\libgcc.a(fixunssfsi.o)
                                                  build/lcd.o
__floatsidf                                       c:/users/hanna/desktop/kth/he1041/toolchain-gd32v-v202-win/toolchain-gd32v-v202-win/compiler/bin/../lib/gcc/riscv64-unknown-elf/8.3.0/rv32imac/ilp32\libgcc.a(floatsidf.o)
                                                  build/pwm.o
__floatundidf                                     c:/users/hanna/desktop/kth/he1041/toolchain-gd32v-v202-win/toolchain-gd32v-v202-win/compiler/bin/../lib/gcc/riscv64-unknown-elf/8.3.0/rv32imac/ilp32\libgcc.a(floatundidf.o)
                                                  build/lcd.o
__floatunsidf                                     c:/users/hanna/desktop/kth/he1041/toolchain-gd32v-v202-win/toolchain-gd32v-v202-win/compiler/bin/../lib/gcc/riscv64-unknown-elf/8.3.0/rv32imac/ilp32\libgcc.a(floatunsidf.o)
                                                  build/lcd.o
__global_pointer$                                 build/start.o
__init_array_end                                  c:/users/hanna/desktop/kth/he1041/toolchain-gd32v-v202-win/toolchain-gd32v-v202-win/compiler/bin/../lib/gcc/riscv64-unknown-elf/8.3.0/../../../../riscv64-unknown-elf/lib/rv32imac/ilp32\libc_nano.a(lib_a-init.o)
__init_array_start                                c:/users/hanna/desktop/kth/he1041/toolchain-gd32v-v202-win/toolchain-gd32v-v202-win/compiler/bin/../lib/gcc/riscv64-unknown-elf/8.3.0/../../../../riscv64-unknown-elf/lib/rv32imac/ilp32\libc_nano.a(lib_a-init.o)
__ledf2                                           c:/users/hanna/desktop/kth/he1041/toolchain-gd32v-v202-win/toolchain-gd32v-v202-win/compiler/bin/../lib/gcc/riscv64-unknown-elf/8.3.0/rv32imac/ilp32\libgcc.a(ledf2.o)
__libc_fini_array                                 c:/users/hanna/desktop/kth/he1041/toolchain-gd32v-v202-win/toolchain-gd32v-v202-win/compiler/bin/../lib/gcc/riscv64-unknown-elf/8.3.0/../../../../riscv64-unknown-elf/lib/rv32imac/ilp32\libc_nano.a(lib_a-fini.o)
                                                  build/start.o
__libc_init_array                                 c:/users/hanna/desktop/kth/he1041/toolchain-gd32v-v202-win/toolchain-gd32v-v202-win/compiler/bin/../lib/gcc/riscv64-unknown-elf/8.3.0/../../../../riscv64-unknown-elf/lib/rv32imac/ilp32\libc_nano.a(lib_a-init.o)
                                                  build/start.o
__lshrdi3                                         c:/users/hanna/desktop/kth/he1041/toolchain-gd32v-v202-win/toolchain-gd32v-v202-win/compiler/bin/../lib/gcc/riscv64-unknown-elf/8.3.0/rv32imac/ilp32\libgcc.a(_lshrdi3.o)
                                                  c:/users/hanna/desktop/kth/he1041/toolchain-gd32v-v202-win/toolchain-gd32v-v202-win/compiler/bin/../lib/gcc/riscv64-unknown-elf/8.3.0/rv32imac/ilp32\libgcc.a(floatundidf.o)
__ltdf2                                           c:/users/hanna/desktop/kth/he1041/toolchain-gd32v-v202-win/toolchain-gd32v-v202-win/compiler/bin/../lib/gcc/riscv64-unknown-elf/8.3.0/rv32imac/ilp32\libgcc.a(ledf2.o)
                                                  build/lcd.o
__malloc_free_list                                c:/users/hanna/desktop/kth/he1041/toolchain-gd32v-v202-win/toolchain-gd32v-v202-win/compiler/bin/../lib/gcc/riscv64-unknown-elf/8.3.0/../../../../riscv64-unknown-elf/lib/rv32imac/ilp32\libc_nano.a(lib_a-nano-mallocr.o)
                                                  c:/users/hanna/desktop/kth/he1041/toolchain-gd32v-v202-win/toolchain-gd32v-v202-win/compiler/bin/../lib/gcc/riscv64-unknown-elf/8.3.0/../../../../riscv64-unknown-elf/lib/rv32imac/ilp32\libc_nano.a(lib_a-nano-freer.o)
__malloc_lock                                     c:/users/hanna/desktop/kth/he1041/toolchain-gd32v-v202-win/toolchain-gd32v-v202-win/compiler/bin/../lib/gcc/riscv64-unknown-elf/8.3.0/../../../../riscv64-unknown-elf/lib/rv32imac/ilp32\libc_nano.a(lib_a-mlock.o)
                                                  c:/users/hanna/desktop/kth/he1041/toolchain-gd32v-v202-win/toolchain-gd32v-v202-win/compiler/bin/../lib/gcc/riscv64-unknown-elf/8.3.0/../../../../riscv64-unknown-elf/lib/rv32imac/ilp32\libc_nano.a(lib_a-nano-mallocr.o)
                                                  c:/users/hanna/desktop/kth/he1041/toolchain-gd32v-v202-win/toolchain-gd32v-v202-win/compiler/bin/../lib/gcc/riscv64-unknown-elf/8.3.0/../../../../riscv64-unknown-elf/lib/rv32imac/ilp32\libc_nano.a(lib_a-nano-freer.o)
__malloc_sbrk_start                               c:/users/hanna/desktop/kth/he1041/toolchain-gd32v-v202-win/toolchain-gd32v-v202-win/compiler/bin/../lib/gcc/riscv64-unknown-elf/8.3.0/../../../../riscv64-unknown-elf/lib/rv32imac/ilp32\libc_nano.a(lib_a-nano-mallocr.o)
__malloc_unlock                                   c:/users/hanna/desktop/kth/he1041/toolchain-gd32v-v202-win/toolchain-gd32v-v202-win/compiler/bin/../lib/gcc/riscv64-unknown-elf/8.3.0/../../../../riscv64-unknown-elf/lib/rv32imac/ilp32\libc_nano.a(lib_a-mlock.o)
                                                  c:/users/hanna/desktop/kth/he1041/toolchain-gd32v-v202-win/toolchain-gd32v-v202-win/compiler/bin/../lib/gcc/riscv64-unknown-elf/8.3.0/../../../../riscv64-unknown-elf/lib/rv32imac/ilp32\libc_nano.a(lib_a-nano-mallocr.o)
                                                  c:/users/hanna/desktop/kth/he1041/toolchain-gd32v-v202-win/toolchain-gd32v-v202-win/compiler/bin/../lib/gcc/riscv64-unknown-elf/8.3.0/../../../../riscv64-unknown-elf/lib/rv32imac/ilp32\libc_nano.a(lib_a-nano-freer.o)
__muldf3                                          c:/users/hanna/desktop/kth/he1041/toolchain-gd32v-v202-win/toolchain-gd32v-v202-win/compiler/bin/../lib/gcc/riscv64-unknown-elf/8.3.0/rv32imac/ilp32\libgcc.a(muldf3.o)
                                                  build/pwm.o
                                                  build/lcd.o
__mulsf3                                          c:/users/hanna/desktop/kth/he1041/toolchain-gd32v-v202-win/toolchain-gd32v-v202-win/compiler/bin/../lib/gcc/riscv64-unknown-elf/8.3.0/rv32imac/ilp32\libgcc.a(mulsf3.o)
                                                  build/lcd.o
__on_exit_args                                    c:/users/hanna/desktop/kth/he1041/toolchain-gd32v-v202-win/toolchain-gd32v-v202-win/compiler/bin/../lib/gcc/riscv64-unknown-elf/8.3.0/../../../../riscv64-unknown-elf/lib/rv32imac/ilp32\libc_nano.a(lib_a-__atexit.o)
__preinit_array_end                               c:/users/hanna/desktop/kth/he1041/toolchain-gd32v-v202-win/toolchain-gd32v-v202-win/compiler/bin/../lib/gcc/riscv64-unknown-elf/8.3.0/../../../../riscv64-unknown-elf/lib/rv32imac/ilp32\libc_nano.a(lib_a-init.o)
__preinit_array_start                             c:/users/hanna/desktop/kth/he1041/toolchain-gd32v-v202-win/toolchain-gd32v-v202-win/compiler/bin/../lib/gcc/riscv64-unknown-elf/8.3.0/../../../../riscv64-unknown-elf/lib/rv32imac/ilp32\libc_nano.a(lib_a-init.o)
__register_exitproc                               c:/users/hanna/desktop/kth/he1041/toolchain-gd32v-v202-win/toolchain-gd32v-v202-win/compiler/bin/../lib/gcc/riscv64-unknown-elf/8.3.0/../../../../riscv64-unknown-elf/lib/rv32imac/ilp32\libc_nano.a(lib_a-__atexit.o)
                                                  c:/users/hanna/desktop/kth/he1041/toolchain-gd32v-v202-win/toolchain-gd32v-v202-win/compiler/bin/../lib/gcc/riscv64-unknown-elf/8.3.0/../../../../riscv64-unknown-elf/lib/rv32imac/ilp32\libc_nano.a(lib_a-atexit.o)