GAS LISTING C:\Users\hanna\AppData\Local\Temp\ccWp13wb.s 			page 1


   1              		.file	"main.c"
   2              		.option nopic
   3              		.attribute arch, "rv32i2p0_m2p0_a2p0_c2p0"
   4              		.attribute unaligned_access, 0
   5              		.attribute stack_align, 16
   6              		.text
   7              	.Ltext0:
   8              		.cfi_sections	.debug_frame
   9              		.section	.text.ds18B20callBack,"ax",@progbits
  10              		.align	1
  11              		.globl	ds18B20callBack
  13              	ds18B20callBack:
  14              	.LFB3:
  15              		.file 1 "main.c"
   1:main.c        **** #include "gd32vf103.h"
   2:main.c        **** #include "drivers.h"
   3:main.c        **** #include "eclicw.h"
   4:main.c        **** #include "lcd.h"
   5:main.c        **** #include "ds18b20.h"
   6:main.c        **** #include "usart.h"
   7:main.c        **** #include "switch1.h"//Hannah
   8:main.c        **** 
   9:main.c        **** 
  10:main.c        **** #define EI 1
  11:main.c        **** #define DI 0
  12:main.c        **** 
  13:main.c        **** void ds18B20callBack(unsigned int temp);
  14:main.c        **** 
  15:main.c        **** int main(void){
  16:main.c        ****     switch_hw_init();
  17:main.c        ****     int ms=0, s=0, key, pKey=-1, c=0, idle=0;
  18:main.c        ****     int lookUpTbl[16]={1,4,7,14,2,5,8,0,3,6,9,15,10,11,12,13};
  19:main.c        ****     char msg[]="*";
  20:main.c        ****     int currentInput=0;
  21:main.c        **** 
  22:main.c        ****     t5omsi();                               // Initialize timer5 1k
  23:main.c        ****     keyinit();                              // Initialize keyboard toolbox
  24:main.c        ****     Lcd_SetType(LCD_INVERTED);              // LCD_INVERTED/LCD_NORMAL!
  25:main.c        ****     Lcd_Init();
  26:main.c        ****     LCD_Clear(WHITE);
  27:main.c        ****     u0init(DI);                             // Initialize USART0 toolbox
  28:main.c        **** 
  29:main.c        ****     ds18B20init(&ds18B20callBack);          // Initialize ds18B20 temp sensor
  30:main.c        ****     
  31:main.c        **** 
  32:main.c        ****     eclic_global_interrupt_enable();
  33:main.c        ****     int last_status=-1;
  34:main.c        ****     int status=0;
  35:main.c        ****     T2powerUpInitPWM(0);
  36:main.c        ****     while(1){
  37:main.c        ****         idle++;
  38:main.c        ****         
  39:main.c        ****         LCD_WR_Queue();
  40:main.c        ****         u0_TX_Queue();
  41:main.c        ****        
  42:main.c        ****         status=get_switch_status();
  43:main.c        ****        
GAS LISTING C:\Users\hanna\AppData\Local\Temp\ccWp13wb.s 			page 2


  44:main.c        ****         if(status==1){
  45:main.c        ****             set_led_status(1);
  46:main.c        ****             T2setLEDPercent(100);
  47:main.c        ****             if(last_status==0){
  48:main.c        ****                 LCD_Clear(BLACK);
  49:main.c        ****             }
  50:main.c        **** 
  51:main.c        ****         }else{
  52:main.c        ****             set_led_status(0);
  53:main.c        ****             T2setLEDPercent(0);
  54:main.c        ****             if (last_status==1){ 
  55:main.c        ****                 LCD_Clear(BLACK);  
  56:main.c        ****             }
  57:main.c        ****         }  
  58:main.c        ****         last_status=status;
  59:main.c        ****     }    
  60:main.c        ****     return 0;   
  61:main.c        **** }
  62:main.c        **** 
  63:main.c        **** void ds18B20callBack(unsigned int temp){
  16              		.loc 1 63 40
  17              		.cfi_startproc
  18              	.LVL0:
  64:main.c        ****     if(get_switch_status()==1){
  19              		.loc 1 64 5
  63:main.c        ****     if(get_switch_status()==1){
  20              		.loc 1 63 40 is_stmt 0
  21 0000 4111     		addi	sp,sp,-16
  22              	.LCFI0:
  23              		.cfi_def_cfa_offset 16
  24 0002 26C2     		sw	s1,4(sp)
  25 0004 06C6     		sw	ra,12(sp)
  26 0006 22C4     		sw	s0,8(sp)
  27              		.cfi_offset 9, -12
  28              		.cfi_offset 1, -4
  29              		.cfi_offset 8, -8
  63:main.c        ****     if(get_switch_status()==1){
  30              		.loc 1 63 40
  31 0008 AA84     		mv	s1,a0
  32              		.loc 1 64 8
  33 000a 97000000 		call	get_switch_status
  33      E7800000 
  34              	.LVL1:
  35              		.loc 1 64 7
  36 0012 8547     		li	a5,1
  37 0014 631EF502 		bne	a0,a5,.L1
  38              	.LVL2:
  39              	.LBB4:
  40              	.LBB5:
  65:main.c        ****         LCD_ShowNum(8, 10, temp>>4, 2, WHITE);
  41              		.loc 1 65 9 is_stmt 1
  42 0018 4164     		li	s0,65536
  43 001a 13D64400 		srli	a2,s1,4
  44 001e 1307F4FF 		addi	a4,s0,-1
  45 0022 8946     		li	a3,2
  46 0024 A945     		li	a1,10
  47 0026 2145     		li	a0,8
GAS LISTING C:\Users\hanna\AppData\Local\Temp\ccWp13wb.s 			page 3


  48 0028 97000000 		call	LCD_ShowNum
  48      E7800000 
  49              	.LVL3:
  66:main.c        ****         LCD_ShowString(30, 10, (unsigned char *)"C", WHITE);
  50              		.loc 1 66 9
  51 0030 9306F4FF 		addi	a3,s0,-1
  52              	.LBE5:
  53              	.LBE4:
  67:main.c        ****     }
  68:main.c        **** }
  54              		.loc 1 68 1 is_stmt 0
  55 0034 2244     		lw	s0,8(sp)
  56              		.cfi_remember_state
  57              		.cfi_restore 8
  58 0036 B240     		lw	ra,12(sp)
  59              		.cfi_restore 1
  60 0038 9244     		lw	s1,4(sp)
  61              		.cfi_restore 9
  62              	.LVL4:
  63              	.LBB9:
  64              	.LBB6:
  66:main.c        ****         LCD_ShowString(30, 10, (unsigned char *)"C", WHITE);
  65              		.loc 1 66 9
  66 003a 37060000 		lui	a2,%hi(.LC1)
  67              	.LBE6:
  68              	.LBE9:
  69              		.loc 1 68 1
  70              	.LBB10:
  71              	.LBB7:
  66:main.c        ****         LCD_ShowString(30, 10, (unsigned char *)"C", WHITE);
  72              		.loc 1 66 9
  73 003e 13060600 		addi	a2,a2,%lo(.LC1)
  74 0042 A945     		li	a1,10
  75 0044 7945     		li	a0,30
  76              	.LBE7:
  77              	.LBE10:
  78              		.loc 1 68 1
  79 0046 4101     		addi	sp,sp,16
  80              	.LCFI1:
  81              		.cfi_def_cfa_offset 0
  82              	.LBB11:
  83              	.LBB8:
  66:main.c        ****         LCD_ShowString(30, 10, (unsigned char *)"C", WHITE);
  84              		.loc 1 66 9
  85 0048 17030000 		tail	LCD_ShowString
  85      67000300 
  86              	.LVL5:
  87              	.L1:
  88              	.LCFI2:
  89              		.cfi_restore_state
  90              	.LBE8:
  91              	.LBE11:
  92              		.loc 1 68 1
  93 0050 B240     		lw	ra,12(sp)
  94              		.cfi_restore 1
  95 0052 2244     		lw	s0,8(sp)
  96              		.cfi_restore 8
GAS LISTING C:\Users\hanna\AppData\Local\Temp\ccWp13wb.s 			page 4


  97 0054 9244     		lw	s1,4(sp)
  98              		.cfi_restore 9
  99              	.LVL6:
 100 0056 4101     		addi	sp,sp,16
 101              	.LCFI3:
 102              		.cfi_def_cfa_offset 0
 103 0058 8280     		jr	ra
 104              		.cfi_endproc
 105              	.LFE3:
 107              		.section	.text.startup.main,"ax",@progbits
 108              		.align	1
 109              		.globl	main
 111              	main:
 112              	.LFB2:
  15:main.c        ****     switch_hw_init();
 113              		.loc 1 15 15 is_stmt 1
 114              		.cfi_startproc
  16:main.c        ****     int ms=0, s=0, key, pKey=-1, c=0, idle=0;
 115              		.loc 1 16 5
  15:main.c        ****     switch_hw_init();
 116              		.loc 1 15 15 is_stmt 0
 117 0000 4111     		addi	sp,sp,-16
 118              	.LCFI4:
 119              		.cfi_def_cfa_offset 16
 120 0002 06C6     		sw	ra,12(sp)
 121 0004 22C4     		sw	s0,8(sp)
 122 0006 4AC0     		sw	s2,0(sp)
 123 0008 26C2     		sw	s1,4(sp)
 124              		.cfi_offset 1, -4
 125              		.cfi_offset 8, -8
 126              		.cfi_offset 18, -16
 127              		.cfi_offset 9, -12
  16:main.c        ****     int ms=0, s=0, key, pKey=-1, c=0, idle=0;
 128              		.loc 1 16 5
 129 000a 97000000 		call	switch_hw_init
 129      E7800000 
 130              	.LVL7:
  17:main.c        ****     int lookUpTbl[16]={1,4,7,14,2,5,8,0,3,6,9,15,10,11,12,13};
 131              		.loc 1 17 5 is_stmt 1
  18:main.c        ****     char msg[]="*";
 132              		.loc 1 18 5
  19:main.c        ****     int currentInput=0;
 133              		.loc 1 19 5
  20:main.c        **** 
 134              		.loc 1 20 5
  22:main.c        ****     keyinit();                              // Initialize keyboard toolbox
 135              		.loc 1 22 5
 136 0012 97000000 		call	t5omsi
 136      E7800000 
 137              	.LVL8:
  23:main.c        ****     Lcd_SetType(LCD_INVERTED);              // LCD_INVERTED/LCD_NORMAL!
 138              		.loc 1 23 5
 139 001a 97000000 		call	keyinit
 139      E7800000 
 140              	.LVL9:
  24:main.c        ****     Lcd_Init();
 141              		.loc 1 24 5
GAS LISTING C:\Users\hanna\AppData\Local\Temp\ccWp13wb.s 			page 5


 142 0022 0145     		li	a0,0
 143 0024 97000000 		call	Lcd_SetType
 143      E7800000 
 144              	.LVL10:
  25:main.c        ****     LCD_Clear(WHITE);
 145              		.loc 1 25 5
 146 002c 97000000 		call	Lcd_Init
 146      E7800000 
 147              	.LVL11:
  26:main.c        ****     u0init(DI);                             // Initialize USART0 toolbox
 148              		.loc 1 26 5
 149 0034 4165     		li	a0,65536
 150 0036 7D15     		addi	a0,a0,-1
 151 0038 97000000 		call	LCD_Clear
 151      E7800000 
 152              	.LVL12:
  27:main.c        **** 
 153              		.loc 1 27 5
 154 0040 0145     		li	a0,0
 155 0042 97000000 		call	u0init
 155      E7800000 
 156              	.LVL13:
  29:main.c        ****     
 157              		.loc 1 29 5
 158 004a 37050000 		lui	a0,%hi(ds18B20callBack)
 159 004e 13050500 		addi	a0,a0,%lo(ds18B20callBack)
 160 0052 97000000 		call	ds18B20init
 160      E7800000 
 161              	.LVL14:
  32:main.c        ****     int last_status=-1;
 162              		.loc 1 32 5
 163 005a 97000000 		call	eclic_global_interrupt_enable
 163      E7800000 
 164              	.LVL15:
  33:main.c        ****     int status=0;
 165              		.loc 1 33 5
  34:main.c        ****     T2powerUpInitPWM(0);
 166              		.loc 1 34 5
  35:main.c        ****     while(1){
 167              		.loc 1 35 5
 168 0062 0145     		li	a0,0
 169 0064 97000000 		call	T2powerUpInitPWM
 169      E7800000 
 170              	.LVL16:
  33:main.c        ****     int status=0;
 171              		.loc 1 33 9 is_stmt 0
 172 006c 7D54     		li	s0,-1
 173              	.LBB12:
  44:main.c        ****             set_led_status(1);
 174              		.loc 1 44 11
 175 006e 0549     		li	s2,1
 176              	.LVL17:
 177              	.L5:
 178              	.LBE12:
  36:main.c        ****         idle++;
 179              		.loc 1 36 5 is_stmt 1
 180              	.LBB15:
GAS LISTING C:\Users\hanna\AppData\Local\Temp\ccWp13wb.s 			page 6


  37:main.c        ****         
 181              		.loc 1 37 9
  39:main.c        ****         u0_TX_Queue();
 182              		.loc 1 39 9
 183 0070 97000000 		call	LCD_WR_Queue
 183      E7800000 
 184              	.LVL18:
  40:main.c        ****        
 185              		.loc 1 40 9
 186 0078 97000000 		call	u0_TX_Queue
 186      E7800000 
 187              	.LVL19:
  42:main.c        ****        
 188              		.loc 1 42 9
  42:main.c        ****        
 189              		.loc 1 42 16 is_stmt 0
 190 0080 97000000 		call	get_switch_status
 190      E7800000 
 191              	.LVL20:
 192 0088 AA84     		mv	s1,a0
 193              	.LVL21:
  44:main.c        ****             set_led_status(1);
 194              		.loc 1 44 9 is_stmt 1
  44:main.c        ****             set_led_status(1);
 195              		.loc 1 44 11 is_stmt 0
 196 008a 63132503 		bne	a0,s2,.L6
 197              	.LBB13:
  45:main.c        ****             T2setLEDPercent(100);
 198              		.loc 1 45 13 is_stmt 1
 199 008e 97000000 		call	set_led_status
 199      E7800000 
 200              	.LVL22:
  46:main.c        ****             if(last_status==0){
 201              		.loc 1 46 13
 202 0096 13054006 		li	a0,100
 203 009a 97000000 		call	T2setLEDPercent
 203      E7800000 
 204              	.LVL23:
  47:main.c        ****                 LCD_Clear(BLACK);
 205              		.loc 1 47 13
  47:main.c        ****                 LCD_Clear(BLACK);
 206              		.loc 1 47 15 is_stmt 0
 207 00a2 1DE0     		bne	s0,zero,.L7
 208              	.L9:
 209              	.LBE13:
 210              	.LBB14:
  55:main.c        ****             }
 211              		.loc 1 55 17 is_stmt 1
 212 00a4 0145     		li	a0,0
 213 00a6 97000000 		call	LCD_Clear
 213      E7800000 
 214              	.LVL24:
 215 00ae 29A8     		j	.L7
 216              	.L6:
  52:main.c        ****             T2setLEDPercent(0);
 217              		.loc 1 52 13
 218 00b0 0145     		li	a0,0
GAS LISTING C:\Users\hanna\AppData\Local\Temp\ccWp13wb.s 			page 7


 219 00b2 97000000 		call	set_led_status
 219      E7800000 
 220              	.LVL25:
  53:main.c        ****             if (last_status==1){ 
 221              		.loc 1 53 13
 222 00ba 0145     		li	a0,0
 223 00bc 97000000 		call	T2setLEDPercent
 223      E7800000 
 224              	.LVL26:
  54:main.c        ****                 LCD_Clear(BLACK);  
 225              		.loc 1 54 13
  54:main.c        ****                 LCD_Clear(BLACK);  
 226              		.loc 1 54 16 is_stmt 0
 227 00c4 E30024FF 		beq	s0,s2,.L9
 228              	.L7:
 229              	.LBE14:
 230              	.LBE15:
  15:main.c        ****     switch_hw_init();
 231              		.loc 1 15 15
 232 00c8 2684     		mv	s0,s1
 233              	.LVL27:
 234 00ca 5DB7     		j	.L5
 235              		.cfi_endproc
 236              	.LFE2:
 238              		.section	.rodata.ds18B20callBack.str1.4,"aMS",@progbits,1
 239              		.align	2
 240              	.LC1:
 241 0000 4300     		.string	"C"
 242              		.text
 243              	.Letext0:
 244              		.file 2 "c:\\users\\hanna\\desktop\\kth\\he1041\\toolchain-gd32v-v202-win\\toolchain-gd32v-v202-wi
 245              		.file 3 "c:\\users\\hanna\\desktop\\kth\\he1041\\toolchain-gd32v-v202-win\\toolchain-gd32v-v202-wi
 246              		.file 4 "c:\\users\\hanna\\desktop\\kth\\he1041\\toolchain-gd32v-v202-win\\toolchain-gd32v-v202-wi
 247              		.file 5 "c:\\users\\hanna\\desktop\\kth\\he1041\\toolchain-gd32v-v202-win\\toolchain-gd32v-v202-wi
 248              		.file 6 "c:\\users\\hanna\\desktop\\kth\\he1041\\toolchain-gd32v-v202-win\\toolchain-gd32v-v202-wi
 249              		.file 7 "c:\\users\\hanna\\desktop\\kth\\he1041\\toolchain-gd32v-v202-win\\toolchain-gd32v-v202-wi
 250              		.file 8 "./../../firmware/GD32VF103_standard_peripheral/system_gd32vf103.h"
 251              		.file 9 "c:\\users\\hanna\\desktop\\kth\\he1041\\toolchain-gd32v-v202-win\\toolchain-gd32v-v202-wi
 252              		.file 10 "lcd.h"
 253              		.file 11 "switch1.h"
 254              		.file 12 "drivers.h"
 255              		.file 13 "usart.h"
 256              		.file 14 "ds18b20.h"
 257              		.file 15 "./../../firmware/GD32VF103_standard_peripheral/Include/gd32vf103_eclic.h"
GAS LISTING C:\Users\hanna\AppData\Local\Temp\ccWp13wb.s 			page 8


DEFINED SYMBOLS
                            *ABS*:0000000000000000 main.c
C:\Users\hanna\AppData\Local\Temp\ccWp13wb.s:13     .text.ds18B20callBack:0000000000000000 ds18B20callBack
C:\Users\hanna\AppData\Local\Temp\ccWp13wb.s:17     .text.ds18B20callBack:0000000000000000 .L0 
C:\Users\hanna\AppData\Local\Temp\ccWp13wb.s:19     .text.ds18B20callBack:0000000000000000 .L0 
C:\Users\hanna\AppData\Local\Temp\ccWp13wb.s:20     .text.ds18B20callBack:0000000000000000 .L0 
C:\Users\hanna\AppData\Local\Temp\ccWp13wb.s:21     .text.ds18B20callBack:0000000000000000 .L0 
C:\Users\hanna\AppData\Local\Temp\ccWp13wb.s:23     .text.ds18B20callBack:0000000000000002 .L0 
C:\Users\hanna\AppData\Local\Temp\ccWp13wb.s:27     .text.ds18B20callBack:0000000000000008 .L0 
C:\Users\hanna\AppData\Local\Temp\ccWp13wb.s:28     .text.ds18B20callBack:0000000000000008 .L0 
C:\Users\hanna\AppData\Local\Temp\ccWp13wb.s:29     .text.ds18B20callBack:0000000000000008 .L0 
C:\Users\hanna\AppData\Local\Temp\ccWp13wb.s:31     .text.ds18B20callBack:0000000000000008 .L0 
C:\Users\hanna\AppData\Local\Temp\ccWp13wb.s:33     .text.ds18B20callBack:000000000000000a .L0 
C:\Users\hanna\AppData\Local\Temp\ccWp13wb.s:36     .text.ds18B20callBack:0000000000000012 .L0 
C:\Users\hanna\AppData\Local\Temp\ccWp13wb.s:42     .text.ds18B20callBack:0000000000000018 .L0 
C:\Users\hanna\AppData\Local\Temp\ccWp13wb.s:51     .text.ds18B20callBack:0000000000000030 .L0 
C:\Users\hanna\AppData\Local\Temp\ccWp13wb.s:55     .text.ds18B20callBack:0000000000000034 .L0 
C:\Users\hanna\AppData\Local\Temp\ccWp13wb.s:56     .text.ds18B20callBack:0000000000000036 .L0 
C:\Users\hanna\AppData\Local\Temp\ccWp13wb.s:57     .text.ds18B20callBack:0000000000000036 .L0 
C:\Users\hanna\AppData\Local\Temp\ccWp13wb.s:59     .text.ds18B20callBack:0000000000000038 .L0 
C:\Users\hanna\AppData\Local\Temp\ccWp13wb.s:61     .text.ds18B20callBack:000000000000003a .L0 
C:\Users\hanna\AppData\Local\Temp\ccWp13wb.s:66     .text.ds18B20callBack:000000000000003a .L0 
C:\Users\hanna\AppData\Local\Temp\ccWp13wb.s:72     .text.ds18B20callBack:000000000000003e .L0 
C:\Users\hanna\AppData\Local\Temp\ccWp13wb.s:73     .text.ds18B20callBack:000000000000003e .L0 
C:\Users\hanna\AppData\Local\Temp\ccWp13wb.s:79     .text.ds18B20callBack:0000000000000046 .L0 
C:\Users\hanna\AppData\Local\Temp\ccWp13wb.s:81     .text.ds18B20callBack:0000000000000048 .L0 
C:\Users\hanna\AppData\Local\Temp\ccWp13wb.s:85     .text.ds18B20callBack:0000000000000048 .L0 
C:\Users\hanna\AppData\Local\Temp\ccWp13wb.s:89     .text.ds18B20callBack:0000000000000050 .L0 
C:\Users\hanna\AppData\Local\Temp\ccWp13wb.s:93     .text.ds18B20callBack:0000000000000050 .L0 
C:\Users\hanna\AppData\Local\Temp\ccWp13wb.s:94     .text.ds18B20callBack:0000000000000052 .L0 
C:\Users\hanna\AppData\Local\Temp\ccWp13wb.s:96     .text.ds18B20callBack:0000000000000054 .L0 
C:\Users\hanna\AppData\Local\Temp\ccWp13wb.s:98     .text.ds18B20callBack:0000000000000056 .L0 
C:\Users\hanna\AppData\Local\Temp\ccWp13wb.s:102    .text.ds18B20callBack:0000000000000058 .L0 
C:\Users\hanna\AppData\Local\Temp\ccWp13wb.s:104    .text.ds18B20callBack:000000000000005a .L0 
C:\Users\hanna\AppData\Local\Temp\ccWp13wb.s:111    .text.startup.main:0000000000000000 main
C:\Users\hanna\AppData\Local\Temp\ccWp13wb.s:114    .text.startup.main:0000000000000000 .L0 
C:\Users\hanna\AppData\Local\Temp\ccWp13wb.s:115    .text.startup.main:0000000000000000 .L0 
C:\Users\hanna\AppData\Local\Temp\ccWp13wb.s:116    .text.startup.main:0000000000000000 .L0 
C:\Users\hanna\AppData\Local\Temp\ccWp13wb.s:117    .text.startup.main:0000000000000000 .L0 
C:\Users\hanna\AppData\Local\Temp\ccWp13wb.s:119    .text.startup.main:0000000000000002 .L0 
C:\Users\hanna\AppData\Local\Temp\ccWp13wb.s:124    .text.startup.main:000000000000000a .L0 
C:\Users\hanna\AppData\Local\Temp\ccWp13wb.s:125    .text.startup.main:000000000000000a .L0 
C:\Users\hanna\AppData\Local\Temp\ccWp13wb.s:126    .text.startup.main:000000000000000a .L0 
C:\Users\hanna\AppData\Local\Temp\ccWp13wb.s:127    .text.startup.main:000000000000000a .L0 
C:\Users\hanna\AppData\Local\Temp\ccWp13wb.s:129    .text.startup.main:000000000000000a .L0 
C:\Users\hanna\AppData\Local\Temp\ccWp13wb.s:132    .text.startup.main:0000000000000012 .L0 
C:\Users\hanna\AppData\Local\Temp\ccWp13wb.s:133    .text.startup.main:0000000000000012 .L0 
C:\Users\hanna\AppData\Local\Temp\ccWp13wb.s:134    .text.startup.main:0000000000000012 .L0 
C:\Users\hanna\AppData\Local\Temp\ccWp13wb.s:135    .text.startup.main:0000000000000012 .L0 
C:\Users\hanna\AppData\Local\Temp\ccWp13wb.s:136    .text.startup.main:0000000000000012 .L0 
C:\Users\hanna\AppData\Local\Temp\ccWp13wb.s:139    .text.startup.main:000000000000001a .L0 
C:\Users\hanna\AppData\Local\Temp\ccWp13wb.s:142    .text.startup.main:0000000000000022 .L0 
C:\Users\hanna\AppData\Local\Temp\ccWp13wb.s:146    .text.startup.main:000000000000002c .L0 
C:\Users\hanna\AppData\Local\Temp\ccWp13wb.s:149    .text.startup.main:0000000000000034 .L0 
C:\Users\hanna\AppData\Local\Temp\ccWp13wb.s:154    .text.startup.main:0000000000000040 .L0 
C:\Users\hanna\AppData\Local\Temp\ccWp13wb.s:158    .text.startup.main:000000000000004a .L0 
C:\Users\hanna\AppData\Local\Temp\ccWp13wb.s:163    .text.startup.main:000000000000005a .L0 
GAS LISTING C:\Users\hanna\AppData\Local\Temp\ccWp13wb.s 			page 9


C:\Users\hanna\AppData\Local\Temp\ccWp13wb.s:166    .text.startup.main:0000000000000062 .L0 
C:\Users\hanna\AppData\Local\Temp\ccWp13wb.s:167    .text.startup.main:0000000000000062 .L0 
C:\Users\hanna\AppData\Local\Temp\ccWp13wb.s:168    .text.startup.main:0000000000000062 .L0 
C:\Users\hanna\AppData\Local\Temp\ccWp13wb.s:172    .text.startup.main:000000000000006c .L0 
C:\Users\hanna\AppData\Local\Temp\ccWp13wb.s:175    .text.startup.main:000000000000006e .L0 
C:\Users\hanna\AppData\Local\Temp\ccWp13wb.s:181    .text.startup.main:0000000000000070 .L0 
C:\Users\hanna\AppData\Local\Temp\ccWp13wb.s:182    .text.startup.main:0000000000000070 .L0 
C:\Users\hanna\AppData\Local\Temp\ccWp13wb.s:183    .text.startup.main:0000000000000070 .L0 
C:\Users\hanna\AppData\Local\Temp\ccWp13wb.s:186    .text.startup.main:0000000000000078 .L0 
C:\Users\hanna\AppData\Local\Temp\ccWp13wb.s:189    .text.startup.main:0000000000000080 .L0 
C:\Users\hanna\AppData\Local\Temp\ccWp13wb.s:190    .text.startup.main:0000000000000080 .L0 
C:\Users\hanna\AppData\Local\Temp\ccWp13wb.s:195    .text.startup.main:000000000000008a .L0 
C:\Users\hanna\AppData\Local\Temp\ccWp13wb.s:196    .text.startup.main:000000000000008a .L0 
C:\Users\hanna\AppData\Local\Temp\ccWp13wb.s:199    .text.startup.main:000000000000008e .L0 
C:\Users\hanna\AppData\Local\Temp\ccWp13wb.s:202    .text.startup.main:0000000000000096 .L0 
C:\Users\hanna\AppData\Local\Temp\ccWp13wb.s:206    .text.startup.main:00000000000000a2 .L0 
C:\Users\hanna\AppData\Local\Temp\ccWp13wb.s:207    .text.startup.main:00000000000000a2 .L0 
C:\Users\hanna\AppData\Local\Temp\ccWp13wb.s:212    .text.startup.main:00000000000000a4 .L0 
C:\Users\hanna\AppData\Local\Temp\ccWp13wb.s:218    .text.startup.main:00000000000000b0 .L0 
C:\Users\hanna\AppData\Local\Temp\ccWp13wb.s:222    .text.startup.main:00000000000000ba .L0 
C:\Users\hanna\AppData\Local\Temp\ccWp13wb.s:226    .text.startup.main:00000000000000c4 .L0 
C:\Users\hanna\AppData\Local\Temp\ccWp13wb.s:227    .text.startup.main:00000000000000c4 .L0 
C:\Users\hanna\AppData\Local\Temp\ccWp13wb.s:232    .text.startup.main:00000000000000c8 .L0 
C:\Users\hanna\AppData\Local\Temp\ccWp13wb.s:235    .text.startup.main:00000000000000cc .L0 
C:\Users\hanna\AppData\Local\Temp\ccWp13wb.s:107    .text.ds18B20callBack:000000000000005a .L0 
C:\Users\hanna\AppData\Local\Temp\ccWp13wb.s:238    .text.startup.main:00000000000000cc .L0 
                     .debug_frame:0000000000000000 .L0 
C:\Users\hanna\AppData\Local\Temp\ccWp13wb.s:240    .rodata.ds18B20callBack.str1.4:0000000000000000 .LC1
C:\Users\hanna\AppData\Local\Temp\ccWp13wb.s:87     .text.ds18B20callBack:0000000000000050 .L1
C:\Users\hanna\AppData\Local\Temp\ccWp13wb.s:216    .text.startup.main:00000000000000b0 .L6
C:\Users\hanna\AppData\Local\Temp\ccWp13wb.s:228    .text.startup.main:00000000000000c8 .L7
C:\Users\hanna\AppData\Local\Temp\ccWp13wb.s:208    .text.startup.main:00000000000000a4 .L9
C:\Users\hanna\AppData\Local\Temp\ccWp13wb.s:177    .text.startup.main:0000000000000070 .L5
C:\Users\hanna\AppData\Local\Temp\ccWp13wb.s:2213   .debug_abbrev:0000000000000000 .Ldebug_abbrev0
C:\Users\hanna\AppData\Local\Temp\ccWp13wb.s:3366   .debug_str:000000000000053d .LASF149
C:\Users\hanna\AppData\Local\Temp\ccWp13wb.s:3252   .debug_str:00000000000002bd .LASF150
C:\Users\hanna\AppData\Local\Temp\ccWp13wb.s:3360   .debug_str:00000000000004c1 .LASF151
C:\Users\hanna\AppData\Local\Temp\ccWp13wb.s:3090   .debug_ranges:0000000000000000 .Ldebug_ranges0
C:\Users\hanna\AppData\Local\Temp\ccWp13wb.s:3114   .debug_line:0000000000000000 .Ldebug_line0
C:\Users\hanna\AppData\Local\Temp\ccWp13wb.s:3358   .debug_str:00000000000004b4 .LASF0
C:\Users\hanna\AppData\Local\Temp\ccWp13wb.s:3158   .debug_str:00000000000000ee .LASF1
C:\Users\hanna\AppData\Local\Temp\ccWp13wb.s:3298   .debug_str:00000000000003ad .LASF2
C:\Users\hanna\AppData\Local\Temp\ccWp13wb.s:3118   .debug_str:000000000000000c .LASF3
C:\Users\hanna\AppData\Local\Temp\ccWp13wb.s:3372   .debug_str:00000000000005da .LASF4
C:\Users\hanna\AppData\Local\Temp\ccWp13wb.s:3130   .debug_str:0000000000000049 .LASF5
C:\Users\hanna\AppData\Local\Temp\ccWp13wb.s:3202   .debug_str:00000000000001be .LASF9
C:\Users\hanna\AppData\Local\Temp\ccWp13wb.s:3228   .debug_str:0000000000000230 .LASF6
C:\Users\hanna\AppData\Local\Temp\ccWp13wb.s:3188   .debug_str:0000000000000170 .LASF7
C:\Users\hanna\AppData\Local\Temp\ccWp13wb.s:3140   .debug_str:000000000000008a .LASF8
C:\Users\hanna\AppData\Local\Temp\ccWp13wb.s:3384   .debug_str:0000000000000621 .LASF10
C:\Users\hanna\AppData\Local\Temp\ccWp13wb.s:3222   .debug_str:0000000000000210 .LASF120
C:\Users\hanna\AppData\Local\Temp\ccWp13wb.s:3348   .debug_str:000000000000048d .LASF11
C:\Users\hanna\AppData\Local\Temp\ccWp13wb.s:3282   .debug_str:0000000000000349 .LASF12
C:\Users\hanna\AppData\Local\Temp\ccWp13wb.s:3154   .debug_str:00000000000000e0 .LASF13
C:\Users\hanna\AppData\Local\Temp\ccWp13wb.s:3346   .debug_str:0000000000000485 .LASF14
C:\Users\hanna\AppData\Local\Temp\ccWp13wb.s:3394   .debug_str:0000000000000649 .LASF15
C:\Users\hanna\AppData\Local\Temp\ccWp13wb.s:3250   .debug_str:00000000000002b7 .LASF16
GAS LISTING C:\Users\hanna\AppData\Local\Temp\ccWp13wb.s 			page 10


C:\Users\hanna\AppData\Local\Temp\ccWp13wb.s:3220   .debug_str:0000000000000209 .LASF17
C:\Users\hanna\AppData\Local\Temp\ccWp13wb.s:3338   .debug_str:0000000000000465 .LASF18
C:\Users\hanna\AppData\Local\Temp\ccWp13wb.s:3340   .debug_str:000000000000046d .LASF19
C:\Users\hanna\AppData\Local\Temp\ccWp13wb.s:3314   .debug_str:00000000000003f3 .LASF20
C:\Users\hanna\AppData\Local\Temp\ccWp13wb.s:3378   .debug_str:00000000000005f9 .LASF21
C:\Users\hanna\AppData\Local\Temp\ccWp13wb.s:3290   .debug_str:000000000000036c .LASF22
C:\Users\hanna\AppData\Local\Temp\ccWp13wb.s:3304   .debug_str:00000000000003ca .LASF23
C:\Users\hanna\AppData\Local\Temp\ccWp13wb.s:3210   .debug_str:00000000000001e3 .LASF28
C:\Users\hanna\AppData\Local\Temp\ccWp13wb.s:3362   .debug_str:000000000000052a .LASF24
C:\Users\hanna\AppData\Local\Temp\ccWp13wb.s:3332   .debug_str:0000000000000450 .LASF25
C:\Users\hanna\AppData\Local\Temp\ccWp13wb.s:3204   .debug_str:00000000000001c9 .LASF26
C:\Users\hanna\AppData\Local\Temp\ccWp13wb.s:3390   .debug_str:000000000000063e .LASF27
C:\Users\hanna\AppData\Local\Temp\ccWp13wb.s:3218   .debug_str:0000000000000204 .LASF29
C:\Users\hanna\AppData\Local\Temp\ccWp13wb.s:3152   .debug_str:00000000000000d7 .LASF30
C:\Users\hanna\AppData\Local\Temp\ccWp13wb.s:3212   .debug_str:00000000000001eb .LASF31
C:\Users\hanna\AppData\Local\Temp\ccWp13wb.s:3166   .debug_str:000000000000010e .LASF32
C:\Users\hanna\AppData\Local\Temp\ccWp13wb.s:3422   .debug_str:00000000000006cf .LASF33
C:\Users\hanna\AppData\Local\Temp\ccWp13wb.s:3272   .debug_str:0000000000000314 .LASF34
C:\Users\hanna\AppData\Local\Temp\ccWp13wb.s:3264   .debug_str:00000000000002eb .LASF35
C:\Users\hanna\AppData\Local\Temp\ccWp13wb.s:3344   .debug_str:000000000000047b .LASF36
C:\Users\hanna\AppData\Local\Temp\ccWp13wb.s:3306   .debug_str:00000000000003d3 .LASF37
C:\Users\hanna\AppData\Local\Temp\ccWp13wb.s:3404   .debug_str:0000000000000674 .LASF38
C:\Users\hanna\AppData\Local\Temp\ccWp13wb.s:3170   .debug_str:000000000000011d .LASF39
C:\Users\hanna\AppData\Local\Temp\ccWp13wb.s:3122   .debug_str:0000000000000025 .LASF40
C:\Users\hanna\AppData\Local\Temp\ccWp13wb.s:3116   .debug_str:0000000000000000 .LASF41
C:\Users\hanna\AppData\Local\Temp\ccWp13wb.s:3368   .debug_str:00000000000005c5 .LASF42
C:\Users\hanna\AppData\Local\Temp\ccWp13wb.s:3184   .debug_str:0000000000000161 .LASF43
C:\Users\hanna\AppData\Local\Temp\ccWp13wb.s:3274   .debug_str:000000000000031d .LASF44
C:\Users\hanna\AppData\Local\Temp\ccWp13wb.s:3324   .debug_str:0000000000000420 .LASF45
C:\Users\hanna\AppData\Local\Temp\ccWp13wb.s:3200   .debug_str:00000000000001b9 .LASF46
C:\Users\hanna\AppData\Local\Temp\ccWp13wb.s:3308   .debug_str:00000000000003dd .LASF47
C:\Users\hanna\AppData\Local\Temp\ccWp13wb.s:3164   .debug_str:0000000000000108 .LASF48
C:\Users\hanna\AppData\Local\Temp\ccWp13wb.s:3356   .debug_str:00000000000004ae .LASF49
C:\Users\hanna\AppData\Local\Temp\ccWp13wb.s:3316   .debug_str:00000000000003fe .LASF50
C:\Users\hanna\AppData\Local\Temp\ccWp13wb.s:3182   .debug_str:000000000000015a .LASF51
C:\Users\hanna\AppData\Local\Temp\ccWp13wb.s:3230   .debug_str:0000000000000242 .LASF52
C:\Users\hanna\AppData\Local\Temp\ccWp13wb.s:3142   .debug_str:00000000000000a1 .LASF53
C:\Users\hanna\AppData\Local\Temp\ccWp13wb.s:3172   .debug_str:000000000000012b .LASF54
C:\Users\hanna\AppData\Local\Temp\ccWp13wb.s:3214   .debug_str:00000000000001f4 .LASF55
C:\Users\hanna\AppData\Local\Temp\ccWp13wb.s:3262   .debug_str:00000000000002e4 .LASF56
C:\Users\hanna\AppData\Local\Temp\ccWp13wb.s:3342   .debug_str:0000000000000475 .LASF57
C:\Users\hanna\AppData\Local\Temp\ccWp13wb.s:3156   .debug_str:00000000000000e7 .LASF58
C:\Users\hanna\AppData\Local\Temp\ccWp13wb.s:3160   .debug_str:00000000000000fa .LASF59
C:\Users\hanna\AppData\Local\Temp\ccWp13wb.s:3400   .debug_str:0000000000000666 .LASF60
C:\Users\hanna\AppData\Local\Temp\ccWp13wb.s:3354   .debug_str:00000000000004a5 .LASF61
C:\Users\hanna\AppData\Local\Temp\ccWp13wb.s:3194   .debug_str:0000000000000192 .LASF62
C:\Users\hanna\AppData\Local\Temp\ccWp13wb.s:3234   .debug_str:0000000000000254 .LASF63
C:\Users\hanna\AppData\Local\Temp\ccWp13wb.s:3256   .debug_str:00000000000002c9 .LASF64
C:\Users\hanna\AppData\Local\Temp\ccWp13wb.s:3318   .debug_str:0000000000000406 .LASF65
C:\Users\hanna\AppData\Local\Temp\ccWp13wb.s:3310   .debug_str:00000000000003e4 .LASF66
C:\Users\hanna\AppData\Local\Temp\ccWp13wb.s:3334   .debug_str:0000000000000458 .LASF67
C:\Users\hanna\AppData\Local\Temp\ccWp13wb.s:3350   .debug_str:0000000000000499 .LASF68
C:\Users\hanna\AppData\Local\Temp\ccWp13wb.s:3186   .debug_str:0000000000000169 .LASF69
C:\Users\hanna\AppData\Local\Temp\ccWp13wb.s:3224   .debug_str:0000000000000220 .LASF70
C:\Users\hanna\AppData\Local\Temp\ccWp13wb.s:3208   .debug_str:00000000000001db .LASF71
C:\Users\hanna\AppData\Local\Temp\ccWp13wb.s:3322   .debug_str:000000000000041b .LASF72
C:\Users\hanna\AppData\Local\Temp\ccWp13wb.s:3126   .debug_str:0000000000000035 .LASF73
GAS LISTING C:\Users\hanna\AppData\Local\Temp\ccWp13wb.s 			page 11


C:\Users\hanna\AppData\Local\Temp\ccWp13wb.s:3330   .debug_str:0000000000000437 .LASF74
C:\Users\hanna\AppData\Local\Temp\ccWp13wb.s:3326   .debug_str:0000000000000425 .LASF75
C:\Users\hanna\AppData\Local\Temp\ccWp13wb.s:3278   .debug_str:000000000000032f .LASF76
C:\Users\hanna\AppData\Local\Temp\ccWp13wb.s:3328   .debug_str:000000000000042d .LASF77
C:\Users\hanna\AppData\Local\Temp\ccWp13wb.s:3248   .debug_str:00000000000002af .LASF78
C:\Users\hanna\AppData\Local\Temp\ccWp13wb.s:3216   .debug_str:00000000000001fa .LASF79
C:\Users\hanna\AppData\Local\Temp\ccWp13wb.s:3418   .debug_str:00000000000006c5 .LASF80
C:\Users\hanna\AppData\Local\Temp\ccWp13wb.s:3286   .debug_str:0000000000000355 .LASF81
C:\Users\hanna\AppData\Local\Temp\ccWp13wb.s:3226   .debug_str:0000000000000228 .LASF82
C:\Users\hanna\AppData\Local\Temp\ccWp13wb.s:3192   .debug_str:000000000000018a .LASF83
C:\Users\hanna\AppData\Local\Temp\ccWp13wb.s:3254   .debug_str:00000000000002c4 .LASF84
C:\Users\hanna\AppData\Local\Temp\ccWp13wb.s:3128   .debug_str:0000000000000040 .LASF85
C:\Users\hanna\AppData\Local\Temp\ccWp13wb.s:3398   .debug_str:000000000000065c .LASF86
C:\Users\hanna\AppData\Local\Temp\ccWp13wb.s:3176   .debug_str:0000000000000143 .LASF87
C:\Users\hanna\AppData\Local\Temp\ccWp13wb.s:3168   .debug_str:0000000000000118 .LASF88
C:\Users\hanna\AppData\Local\Temp\ccWp13wb.s:3352   .debug_str:00000000000004a0 .LASF89
C:\Users\hanna\AppData\Local\Temp\ccWp13wb.s:3312   .debug_str:00000000000003ec .LASF90
C:\Users\hanna\AppData\Local\Temp\ccWp13wb.s:3392   .debug_str:0000000000000643 .LASF91
C:\Users\hanna\AppData\Local\Temp\ccWp13wb.s:3236   .debug_str:000000000000025a .LASF92
C:\Users\hanna\AppData\Local\Temp\ccWp13wb.s:3300   .debug_str:00000000000003bb .LASF93
C:\Users\hanna\AppData\Local\Temp\ccWp13wb.s:3124   .debug_str:000000000000002d .LASF94
C:\Users\hanna\AppData\Local\Temp\ccWp13wb.s:3336   .debug_str:000000000000045f .LASF95
C:\Users\hanna\AppData\Local\Temp\ccWp13wb.s:3260   .debug_str:00000000000002de .LASF96
C:\Users\hanna\AppData\Local\Temp\ccWp13wb.s:3374   .debug_str:00000000000005ed .LASF97
C:\Users\hanna\AppData\Local\Temp\ccWp13wb.s:3386   .debug_str:000000000000062a .LASF98
C:\Users\hanna\AppData\Local\Temp\ccWp13wb.s:3364   .debug_str:0000000000000530 .LASF99
C:\Users\hanna\AppData\Local\Temp\ccWp13wb.s:3246   .debug_str:00000000000002a2 .LASF100
C:\Users\hanna\AppData\Local\Temp\ccWp13wb.s:3406   .debug_str:000000000000067f .LASF101
C:\Users\hanna\AppData\Local\Temp\ccWp13wb.s:3280   .debug_str:000000000000033a .LASF102
C:\Users\hanna\AppData\Local\Temp\ccWp13wb.s:3240   .debug_str:000000000000027f .LASF103
C:\Users\hanna\AppData\Local\Temp\ccWp13wb.s:3410   .debug_str:000000000000069f .LASF104
C:\Users\hanna\AppData\Local\Temp\ccWp13wb.s:3294   .debug_str:000000000000038e .LASF105
C:\Users\hanna\AppData\Local\Temp\ccWp13wb.s:3416   .debug_str:00000000000006b7 .LASF106
C:\Users\hanna\AppData\Local\Temp\ccWp13wb.s:3150   .debug_str:00000000000000c9 .LASF107
C:\Users\hanna\AppData\Local\Temp\ccWp13wb.s:3396   .debug_str:0000000000000652 .LASF108
C:\Users\hanna\AppData\Local\Temp\ccWp13wb.s:3244   .debug_str:0000000000000296 .LASF109
C:\Users\hanna\AppData\Local\Temp\ccWp13wb.s:3380   .debug_str:0000000000000601 .LASF110
C:\Users\hanna\AppData\Local\Temp\ccWp13wb.s:3198   .debug_str:00000000000001ab .LASF111
C:\Users\hanna\AppData\Local\Temp\ccWp13wb.s:3148   .debug_str:00000000000000ba .LASF112
C:\Users\hanna\AppData\Local\Temp\ccWp13wb.s:3196   .debug_str:000000000000019a .LASF113
C:\Users\hanna\AppData\Local\Temp\ccWp13wb.s:3132   .debug_str:0000000000000052 .LASF114
C:\Users\hanna\AppData\Local\Temp\ccWp13wb.s:3134   .debug_str:0000000000000061 .LASF115
C:\Users\hanna\AppData\Local\Temp\ccWp13wb.s:3302   .debug_str:00000000000003c1 .LASF116
C:\Users\hanna\AppData\Local\Temp\ccWp13wb.s:3270   .debug_str:000000000000030d .LASF117
C:\Users\hanna\AppData\Local\Temp\ccWp13wb.s:3266   .debug_str:00000000000002f5 .LASF118
C:\Users\hanna\AppData\Local\Temp\ccWp13wb.s:3402   .debug_str:000000000000066c .LASF119
C:\Users\hanna\AppData\Local\Temp\ccWp13wb.s:3144   .debug_str:00000000000000aa .LASF152
C:\Users\hanna\AppData\Local\Temp\ccWp13wb.s:3206   .debug_str:00000000000001cf .LASF121
C:\Users\hanna\AppData\Local\Temp\ccWp13wb.s:3382   .debug_str:000000000000060e .LASF122
C:\Users\hanna\AppData\Local\Temp\ccWp13wb.s:3276   .debug_str:0000000000000325 .LASF123
C:\Users\hanna\AppData\Local\Temp\ccWp13wb.s:3138   .debug_str:000000000000007f .LASF124
C:\Users\hanna\AppData\Local\Temp\ccWp13wb.s:3292   .debug_str:000000000000037e .LASF131
C:\Users\hanna\AppData\Local\Temp\ccWp13wb.s:3178   .debug_str:000000000000014b .LASF153
C:\Users\hanna\AppData\Local\Temp\ccWp13wb.s:3420   .debug_str:00000000000006ca .LASF154
C:\Users\hanna\AppData\Local\Temp\ccWp13wb.s:112    .text.startup.main:0000000000000000 .LFB2
C:\Users\hanna\AppData\Local\Temp\ccWp13wb.s:236    .text.startup.main:00000000000000cc .LFE2
C:\Users\hanna\AppData\Local\Temp\ccWp13wb.s:2958   .debug_loc:0000000000000000 .LLST3
GAS LISTING C:\Users\hanna\AppData\Local\Temp\ccWp13wb.s 			page 12


C:\Users\hanna\AppData\Local\Temp\ccWp13wb.s:3146   .debug_str:00000000000000b5 .LASF125
C:\Users\hanna\AppData\Local\Temp\ccWp13wb.s:3284   .debug_str:0000000000000350 .LASF126
C:\Users\hanna\AppData\Local\Temp\ccWp13wb.s:2971   .debug_loc:0000000000000020 .LLST4
C:\Users\hanna\AppData\Local\Temp\ccWp13wb.s:3412   .debug_str:00000000000006a4 .LASF127
C:\Users\hanna\AppData\Local\Temp\ccWp13wb.s:3136   .debug_str:0000000000000072 .LASF128
C:\Users\hanna\AppData\Local\Temp\ccWp13wb.s:3242   .debug_str:000000000000028a .LASF129
C:\Users\hanna\AppData\Local\Temp\ccWp13wb.s:2979   .debug_loc:0000000000000034 .LLST5
C:\Users\hanna\AppData\Local\Temp\ccWp13wb.s:3388   .debug_str:0000000000000637 .LASF130
C:\Users\hanna\AppData\Local\Temp\ccWp13wb.s:2992   .debug_loc:0000000000000054 .LLST6
C:\Users\hanna\AppData\Local\Temp\ccWp13wb.s:3408   .debug_str:000000000000068e .LASF132
C:\Users\hanna\AppData\Local\Temp\ccWp13wb.s:3232   .debug_str:0000000000000248 .LASF133
C:\Users\hanna\AppData\Local\Temp\ccWp13wb.s:197    .text.startup.main:000000000000008e .LBB13
C:\Users\hanna\AppData\Local\Temp\ccWp13wb.s:209    .text.startup.main:00000000000000a4 .LBE13
C:\Users\hanna\AppData\Local\Temp\ccWp13wb.s:3174   .debug_str:0000000000000133 .LASF134
C:\Users\hanna\AppData\Local\Temp\ccWp13wb.s:200    .text.startup.main:0000000000000096 .LVL22
C:\Users\hanna\AppData\Local\Temp\ccWp13wb.s:204    .text.startup.main:00000000000000a2 .LVL23
C:\Users\hanna\AppData\Local\Temp\ccWp13wb.s:210    .text.startup.main:00000000000000a4 .LBB14
C:\Users\hanna\AppData\Local\Temp\ccWp13wb.s:229    .text.startup.main:00000000000000c8 .LBE14
C:\Users\hanna\AppData\Local\Temp\ccWp13wb.s:214    .text.startup.main:00000000000000ae .LVL24
C:\Users\hanna\AppData\Local\Temp\ccWp13wb.s:220    .text.startup.main:00000000000000ba .LVL25
C:\Users\hanna\AppData\Local\Temp\ccWp13wb.s:224    .text.startup.main:00000000000000c4 .LVL26
C:\Users\hanna\AppData\Local\Temp\ccWp13wb.s:184    .text.startup.main:0000000000000078 .LVL18
C:\Users\hanna\AppData\Local\Temp\ccWp13wb.s:187    .text.startup.main:0000000000000080 .LVL19
C:\Users\hanna\AppData\Local\Temp\ccWp13wb.s:191    .text.startup.main:0000000000000088 .LVL20
C:\Users\hanna\AppData\Local\Temp\ccWp13wb.s:130    .text.startup.main:0000000000000012 .LVL7
C:\Users\hanna\AppData\Local\Temp\ccWp13wb.s:137    .text.startup.main:000000000000001a .LVL8
C:\Users\hanna\AppData\Local\Temp\ccWp13wb.s:140    .text.startup.main:0000000000000022 .LVL9
C:\Users\hanna\AppData\Local\Temp\ccWp13wb.s:144    .text.startup.main:000000000000002c .LVL10
C:\Users\hanna\AppData\Local\Temp\ccWp13wb.s:147    .text.startup.main:0000000000000034 .LVL11
C:\Users\hanna\AppData\Local\Temp\ccWp13wb.s:152    .text.startup.main:0000000000000040 .LVL12
C:\Users\hanna\AppData\Local\Temp\ccWp13wb.s:156    .text.startup.main:000000000000004a .LVL13
C:\Users\hanna\AppData\Local\Temp\ccWp13wb.s:161    .text.startup.main:000000000000005a .LVL14
C:\Users\hanna\AppData\Local\Temp\ccWp13wb.s:164    .text.startup.main:0000000000000062 .LVL15
C:\Users\hanna\AppData\Local\Temp\ccWp13wb.s:170    .text.startup.main:000000000000006c .LVL16
C:\Users\hanna\AppData\Local\Temp\ccWp13wb.s:14     .text.ds18B20callBack:0000000000000000 .LFB3
C:\Users\hanna\AppData\Local\Temp\ccWp13wb.s:105    .text.ds18B20callBack:000000000000005a .LFE3
C:\Users\hanna\AppData\Local\Temp\ccWp13wb.s:3004   .debug_loc:0000000000000073 .LLST0
C:\Users\hanna\AppData\Local\Temp\ccWp13wb.s:3032   .debug_loc:00000000000000b7 .LLST1
C:\Users\hanna\AppData\Local\Temp\ccWp13wb.s:39     .text.ds18B20callBack:0000000000000018 .LBB4
C:\Users\hanna\AppData\Local\Temp\ccWp13wb.s:3061   .debug_loc:00000000000000fc .LLST2
C:\Users\hanna\AppData\Local\Temp\ccWp13wb.s:49     .text.ds18B20callBack:0000000000000030 .LVL3
C:\Users\hanna\AppData\Local\Temp\ccWp13wb.s:86     .text.ds18B20callBack:0000000000000050 .LVL5
C:\Users\hanna\AppData\Local\Temp\ccWp13wb.s:34     .text.ds18B20callBack:0000000000000012 .LVL1
C:\Users\hanna\AppData\Local\Temp\ccWp13wb.s:3258   .debug_str:00000000000002cf .LASF135
C:\Users\hanna\AppData\Local\Temp\ccWp13wb.s:3180   .debug_str:0000000000000150 .LASF136
C:\Users\hanna\AppData\Local\Temp\ccWp13wb.s:3288   .debug_str:000000000000035f .LASF137
C:\Users\hanna\AppData\Local\Temp\ccWp13wb.s:3296   .debug_str:000000000000039b .LASF138
C:\Users\hanna\AppData\Local\Temp\ccWp13wb.s:3120   .debug_str:0000000000000016 .LASF139
C:\Users\hanna\AppData\Local\Temp\ccWp13wb.s:3376   .debug_str:00000000000005f2 .LASF140
C:\Users\hanna\AppData\Local\Temp\ccWp13wb.s:3162   .debug_str:0000000000000100 .LASF141
C:\Users\hanna\AppData\Local\Temp\ccWp13wb.s:3320   .debug_str:000000000000040f .LASF142
C:\Users\hanna\AppData\Local\Temp\ccWp13wb.s:3414   .debug_str:00000000000006ae .LASF143
C:\Users\hanna\AppData\Local\Temp\ccWp13wb.s:3424   .debug_str:00000000000006d9 .LASF144
C:\Users\hanna\AppData\Local\Temp\ccWp13wb.s:3190   .debug_str:000000000000017e .LASF145
C:\Users\hanna\AppData\Local\Temp\ccWp13wb.s:3238   .debug_str:0000000000000261 .LASF146
C:\Users\hanna\AppData\Local\Temp\ccWp13wb.s:3370   .debug_str:00000000000005ce .LASF147
C:\Users\hanna\AppData\Local\Temp\ccWp13wb.s:3268   .debug_str:00000000000002fe .LASF148
GAS LISTING C:\Users\hanna\AppData\Local\Temp\ccWp13wb.s 			page 13


C:\Users\hanna\AppData\Local\Temp\ccWp13wb.s:118    .text.startup.main:0000000000000002 .LCFI4
C:\Users\hanna\AppData\Local\Temp\ccWp13wb.s:176    .text.startup.main:0000000000000070 .LVL17
C:\Users\hanna\AppData\Local\Temp\ccWp13wb.s:233    .text.startup.main:00000000000000ca .LVL27
C:\Users\hanna\AppData\Local\Temp\ccWp13wb.s:193    .text.startup.main:000000000000008a .LVL21
C:\Users\hanna\AppData\Local\Temp\ccWp13wb.s:22     .text.ds18B20callBack:0000000000000002 .LCFI0
C:\Users\hanna\AppData\Local\Temp\ccWp13wb.s:80     .text.ds18B20callBack:0000000000000048 .LCFI1
C:\Users\hanna\AppData\Local\Temp\ccWp13wb.s:88     .text.ds18B20callBack:0000000000000050 .LCFI2
C:\Users\hanna\AppData\Local\Temp\ccWp13wb.s:101    .text.ds18B20callBack:0000000000000058 .LCFI3
C:\Users\hanna\AppData\Local\Temp\ccWp13wb.s:18     .text.ds18B20callBack:0000000000000000 .LVL0
C:\Users\hanna\AppData\Local\Temp\ccWp13wb.s:62     .text.ds18B20callBack:000000000000003a .LVL4
C:\Users\hanna\AppData\Local\Temp\ccWp13wb.s:99     .text.ds18B20callBack:0000000000000056 .LVL6
C:\Users\hanna\AppData\Local\Temp\ccWp13wb.s:38     .text.ds18B20callBack:0000000000000018 .LVL2
C:\Users\hanna\AppData\Local\Temp\ccWp13wb.s:259    .debug_info:0000000000000000 .Ldebug_info0
C:\Users\hanna\AppData\Local\Temp\ccWp13wb.s:53     .text.ds18B20callBack:0000000000000034 .LBE4
C:\Users\hanna\AppData\Local\Temp\ccWp13wb.s:63     .text.ds18B20callBack:000000000000003a .LBB9
C:\Users\hanna\AppData\Local\Temp\ccWp13wb.s:68     .text.ds18B20callBack:000000000000003e .LBE9
C:\Users\hanna\AppData\Local\Temp\ccWp13wb.s:70     .text.ds18B20callBack:000000000000003e .LBB10
C:\Users\hanna\AppData\Local\Temp\ccWp13wb.s:77     .text.ds18B20callBack:0000000000000046 .LBE10
C:\Users\hanna\AppData\Local\Temp\ccWp13wb.s:82     .text.ds18B20callBack:0000000000000048 .LBB11
C:\Users\hanna\AppData\Local\Temp\ccWp13wb.s:91     .text.ds18B20callBack:0000000000000050 .LBE11
C:\Users\hanna\AppData\Local\Temp\ccWp13wb.s:173    .text.startup.main:000000000000006e .LBB12
C:\Users\hanna\AppData\Local\Temp\ccWp13wb.s:178    .text.startup.main:0000000000000070 .LBE12
C:\Users\hanna\AppData\Local\Temp\ccWp13wb.s:180    .text.startup.main:0000000000000070 .LBB15
C:\Users\hanna\AppData\Local\Temp\ccWp13wb.s:230    .text.startup.main:00000000000000c8 .LBE15

UNDEFINED SYMBOLS
get_switch_status
LCD_ShowNum
LCD_ShowString
switch_hw_init
t5omsi
keyinit
Lcd_SetType
Lcd_Init
LCD_Clear
u0init
ds18B20init
eclic_global_interrupt_enable
T2powerUpInitPWM
LCD_WR_Queue
u0_TX_Queue
set_led_status
T2setLEDPercent
